TimeQuest Timing Analyzer report for keypad_test
Thu May 28 22:48:21 2020
Quartus II 64-Bit Version 13.1.0 Build 162 10/23/2013 SJ Web Edition


---------------------
; Table of Contents ;
---------------------
  1. Legal Notice
  2. TimeQuest Timing Analyzer Summary
  3. Parallel Compilation
  4. Clocks
  5. Slow 1100mV 85C Model Fmax Summary
  6. Timing Closure Recommendations
  7. Slow 1100mV 85C Model Setup Summary
  8. Slow 1100mV 85C Model Hold Summary
  9. Slow 1100mV 85C Model Recovery Summary
 10. Slow 1100mV 85C Model Removal Summary
 11. Slow 1100mV 85C Model Minimum Pulse Width Summary
 12. Clock to Output Times
 13. Minimum Clock to Output Times
 14. Slow 1100mV 85C Model Metastability Report
 15. Slow 1100mV 0C Model Fmax Summary
 16. Slow 1100mV 0C Model Setup Summary
 17. Slow 1100mV 0C Model Hold Summary
 18. Slow 1100mV 0C Model Recovery Summary
 19. Slow 1100mV 0C Model Removal Summary
 20. Slow 1100mV 0C Model Minimum Pulse Width Summary
 21. Clock to Output Times
 22. Minimum Clock to Output Times
 23. Slow 1100mV 0C Model Metastability Report
 24. Fast 1100mV 85C Model Setup Summary
 25. Fast 1100mV 85C Model Hold Summary
 26. Fast 1100mV 85C Model Recovery Summary
 27. Fast 1100mV 85C Model Removal Summary
 28. Fast 1100mV 85C Model Minimum Pulse Width Summary
 29. Clock to Output Times
 30. Minimum Clock to Output Times
 31. Fast 1100mV 85C Model Metastability Report
 32. Fast 1100mV 0C Model Setup Summary
 33. Fast 1100mV 0C Model Hold Summary
 34. Fast 1100mV 0C Model Recovery Summary
 35. Fast 1100mV 0C Model Removal Summary
 36. Fast 1100mV 0C Model Minimum Pulse Width Summary
 37. Clock to Output Times
 38. Minimum Clock to Output Times
 39. Fast 1100mV 0C Model Metastability Report
 40. Multicorner Timing Analysis Summary
 41. Clock to Output Times
 42. Minimum Clock to Output Times
 43. Board Trace Model Assignments
 44. Input Transition Times
 45. Signal Integrity Metrics (Slow 1100mv 0c Model)
 46. Signal Integrity Metrics (Slow 1100mv 85c Model)
 47. Signal Integrity Metrics (Fast 1100mv 0c Model)
 48. Signal Integrity Metrics (Fast 1100mv 85c Model)
 49. Setup Transfers
 50. Hold Transfers
 51. Report TCCS
 52. Report RSKM
 53. Unconstrained Paths
 54. TimeQuest Timing Analyzer Messages



----------------
; Legal Notice ;
----------------
Copyright (C) 1991-2013 Altera Corporation
Your use of Altera Corporation's design tools, logic functions 
and other software and tools, and its AMPP partner logic 
functions, and any output files from any of the foregoing 
(including device programming or simulation files), and any 
associated documentation or information are expressly subject 
to the terms and conditions of the Altera Program License 
Subscription Agreement, Altera MegaCore Function License 
Agreement, or other applicable license agreement, including, 
without limitation, that your use is for the sole purpose of 
programming logic devices manufactured by Altera and sold by 
Altera or its authorized distributors.  Please refer to the 
applicable agreement for further details.



+-------------------------------------------------------------------------+
; TimeQuest Timing Analyzer Summary                                       ;
+--------------------+----------------------------------------------------+
; Quartus II Version ; Version 13.1.0 Build 162 10/23/2013 SJ Web Edition ;
; Revision Name      ; keypad_test                                        ;
; Device Family      ; Cyclone V                                          ;
; Device Name        ; 5CEFA2F23C8                                        ;
; Timing Models      ; Final                                              ;
; Delay Model        ; Combined                                           ;
; Rise/Fall Delays   ; Enabled                                            ;
+--------------------+----------------------------------------------------+


Parallel compilation was disabled, but you have multiple processors available. Enable parallel compilation to reduce compilation time.
+-------------------------------------+
; Parallel Compilation                ;
+----------------------------+--------+
; Processors                 ; Number ;
+----------------------------+--------+
; Number detected on machine ; 8      ;
; Maximum allowed            ; 1      ;
+----------------------------+--------+


+------------------------------------------------------------------------------------------------------------------------------------------------------------------------------------------------------------------------------+
; Clocks                                                                                                                                                                                                                       ;
+-------------------------------+------+--------+------------+-------+-------+------------+-----------+-------------+-------+--------+-----------+------------+----------+--------+--------+-----------------------------------+
; Clock Name                    ; Type ; Period ; Frequency  ; Rise  ; Fall  ; Duty Cycle ; Divide by ; Multiply by ; Phase ; Offset ; Edge List ; Edge Shift ; Inverted ; Master ; Source ; Targets                           ;
+-------------------------------+------+--------+------------+-------+-------+------------+-----------+-------------+-------+--------+-----------+------------+----------+--------+--------+-----------------------------------+
; CLK                           ; Base ; 1.000  ; 1000.0 MHz ; 0.000 ; 0.500 ;            ;           ;             ;       ;        ;           ;            ;          ;        ;        ; { CLK }                           ;
; clk_gen:inst1|div10_t:inst1|2 ; Base ; 1.000  ; 1000.0 MHz ; 0.000 ; 0.500 ;            ;           ;             ;       ;        ;           ;            ;          ;        ;        ; { clk_gen:inst1|div10_t:inst1|2 } ;
; clk_gen:inst1|div10_t:inst2|2 ; Base ; 1.000  ; 1000.0 MHz ; 0.000 ; 0.500 ;            ;           ;             ;       ;        ;           ;            ;          ;        ;        ; { clk_gen:inst1|div10_t:inst2|2 } ;
; clk_gen:inst1|div10_t:inst3|2 ; Base ; 1.000  ; 1000.0 MHz ; 0.000 ; 0.500 ;            ;           ;             ;       ;        ;           ;            ;          ;        ;        ; { clk_gen:inst1|div10_t:inst3|2 } ;
; clk_gen:inst1|div10_t:inst|2  ; Base ; 1.000  ; 1000.0 MHz ; 0.000 ; 0.500 ;            ;           ;             ;       ;        ;           ;            ;          ;        ;        ; { clk_gen:inst1|div10_t:inst|2 }  ;
+-------------------------------+------+--------+------------+-------+-------+------------+-----------+-------------+-------+--------+-----------+------------+----------+--------+--------+-----------------------------------+


+---------------------------------------------------------------------+
; Slow 1100mV 85C Model Fmax Summary                                  ;
+------------+-----------------+-------------------------------+------+
; Fmax       ; Restricted Fmax ; Clock Name                    ; Note ;
+------------+-----------------+-------------------------------+------+
; 378.36 MHz ; 378.36 MHz      ; clk_gen:inst1|div10_t:inst|2  ;      ;
; 384.17 MHz ; 384.17 MHz      ; clk_gen:inst1|div10_t:inst1|2 ;      ;
; 444.05 MHz ; 444.05 MHz      ; clk_gen:inst1|div10_t:inst2|2 ;      ;
; 451.06 MHz ; 451.06 MHz      ; CLK                           ;      ;
; 492.61 MHz ; 492.61 MHz      ; clk_gen:inst1|div10_t:inst3|2 ;      ;
+------------+-----------------+-------------------------------+------+
This panel reports FMAX for every clock in the design, regardless of the user-specified clock periods.  FMAX is only computed for paths where the source and destination registers or ports are driven by the same clock.  Paths of different clocks, including generated clocks, are ignored.  For paths between a clock and its inversion, FMAX is computed as if the rising and falling edges are scaled along with FMAX, such that the duty cycle (in terms of a percentage) is maintained. Altera recommends that you always use clock constraints and other slack reports for sign-off analysis.


----------------------------------
; Timing Closure Recommendations ;
----------------------------------
HTML report is unavailable in plain text report export.


+--------------------------------------------------------+
; Slow 1100mV 85C Model Setup Summary                    ;
+-------------------------------+--------+---------------+
; Clock                         ; Slack  ; End Point TNS ;
+-------------------------------+--------+---------------+
; clk_gen:inst1|div10_t:inst|2  ; -1.643 ; -5.915        ;
; clk_gen:inst1|div10_t:inst1|2 ; -1.603 ; -6.067        ;
; clk_gen:inst1|div10_t:inst2|2 ; -1.252 ; -5.722        ;
; CLK                           ; -1.217 ; -3.614        ;
; clk_gen:inst1|div10_t:inst3|2 ; -1.030 ; -4.610        ;
+-------------------------------+--------+---------------+


+--------------------------------------------------------+
; Slow 1100mV 85C Model Hold Summary                     ;
+-------------------------------+--------+---------------+
; Clock                         ; Slack  ; End Point TNS ;
+-------------------------------+--------+---------------+
; CLK                           ; -1.639 ; -3.164        ;
; clk_gen:inst1|div10_t:inst|2  ; -0.741 ; -1.419        ;
; clk_gen:inst1|div10_t:inst1|2 ; -0.631 ; -0.907        ;
; clk_gen:inst1|div10_t:inst2|2 ; -0.587 ; -1.159        ;
; clk_gen:inst1|div10_t:inst3|2 ; 0.511  ; 0.000         ;
+-------------------------------+--------+---------------+


------------------------------------------
; Slow 1100mV 85C Model Recovery Summary ;
------------------------------------------
No paths to report.


-----------------------------------------
; Slow 1100mV 85C Model Removal Summary ;
-----------------------------------------
No paths to report.


+--------------------------------------------------------+
; Slow 1100mV 85C Model Minimum Pulse Width Summary      ;
+-------------------------------+--------+---------------+
; Clock                         ; Slack  ; End Point TNS ;
+-------------------------------+--------+---------------+
; CLK                           ; -0.724 ; -5.596        ;
; clk_gen:inst1|div10_t:inst2|2 ; -0.724 ; -5.534        ;
; clk_gen:inst1|div10_t:inst1|2 ; -0.724 ; -5.521        ;
; clk_gen:inst1|div10_t:inst3|2 ; -0.724 ; -5.514        ;
; clk_gen:inst1|div10_t:inst|2  ; -0.724 ; -4.505        ;
+-------------------------------+--------+---------------+


+--------------------------------------------------------------------------------------------------------+
; Clock to Output Times                                                                                  ;
+-----------+-------------------------------+-------+-------+------------+-------------------------------+
; Data Port ; Clock Port                    ; Rise  ; Fall  ; Clock Edge ; Clock Reference               ;
+-----------+-------------------------------+-------+-------+------------+-------------------------------+
; DE1       ; clk_gen:inst1|div10_t:inst3|2 ; 6.511 ; 6.668 ; Rise       ; clk_gen:inst1|div10_t:inst3|2 ;
; DE2       ; clk_gen:inst1|div10_t:inst3|2 ; 6.524 ; 6.768 ; Rise       ; clk_gen:inst1|div10_t:inst3|2 ;
+-----------+-------------------------------+-------+-------+------------+-------------------------------+


+--------------------------------------------------------------------------------------------------------+
; Minimum Clock to Output Times                                                                          ;
+-----------+-------------------------------+-------+-------+------------+-------------------------------+
; Data Port ; Clock Port                    ; Rise  ; Fall  ; Clock Edge ; Clock Reference               ;
+-----------+-------------------------------+-------+-------+------------+-------------------------------+
; DE1       ; clk_gen:inst1|div10_t:inst3|2 ; 5.933 ; 6.004 ; Rise       ; clk_gen:inst1|div10_t:inst3|2 ;
; DE2       ; clk_gen:inst1|div10_t:inst3|2 ; 5.930 ; 6.051 ; Rise       ; clk_gen:inst1|div10_t:inst3|2 ;
+-----------+-------------------------------+-------+-------+------------+-------------------------------+


----------------------------------------------
; Slow 1100mV 85C Model Metastability Report ;
----------------------------------------------
No synchronizer chains to report.


+---------------------------------------------------------------------+
; Slow 1100mV 0C Model Fmax Summary                                   ;
+------------+-----------------+-------------------------------+------+
; Fmax       ; Restricted Fmax ; Clock Name                    ; Note ;
+------------+-----------------+-------------------------------+------+
; 366.84 MHz ; 366.84 MHz      ; clk_gen:inst1|div10_t:inst|2  ;      ;
; 370.51 MHz ; 370.51 MHz      ; clk_gen:inst1|div10_t:inst1|2 ;      ;
; 410.68 MHz ; 410.68 MHz      ; CLK                           ;      ;
; 435.35 MHz ; 435.35 MHz      ; clk_gen:inst1|div10_t:inst2|2 ;      ;
; 490.2 MHz  ; 490.2 MHz       ; clk_gen:inst1|div10_t:inst3|2 ;      ;
+------------+-----------------+-------------------------------+------+
This panel reports FMAX for every clock in the design, regardless of the user-specified clock periods.  FMAX is only computed for paths where the source and destination registers or ports are driven by the same clock.  Paths of different clocks, including generated clocks, are ignored.  For paths between a clock and its inversion, FMAX is computed as if the rising and falling edges are scaled along with FMAX, such that the duty cycle (in terms of a percentage) is maintained. Altera recommends that you always use clock constraints and other slack reports for sign-off analysis.


+--------------------------------------------------------+
; Slow 1100mV 0C Model Setup Summary                     ;
+-------------------------------+--------+---------------+
; Clock                         ; Slack  ; End Point TNS ;
+-------------------------------+--------+---------------+
; clk_gen:inst1|div10_t:inst|2  ; -1.726 ; -6.125        ;
; clk_gen:inst1|div10_t:inst1|2 ; -1.699 ; -6.265        ;
; CLK                           ; -1.435 ; -4.120        ;
; clk_gen:inst1|div10_t:inst2|2 ; -1.297 ; -5.770        ;
; clk_gen:inst1|div10_t:inst3|2 ; -1.040 ; -4.636        ;
+-------------------------------+--------+---------------+


+--------------------------------------------------------+
; Slow 1100mV 0C Model Hold Summary                      ;
+-------------------------------+--------+---------------+
; Clock                         ; Slack  ; End Point TNS ;
+-------------------------------+--------+---------------+
; CLK                           ; -1.736 ; -3.409        ;
; clk_gen:inst1|div10_t:inst|2  ; -0.559 ; -1.030        ;
; clk_gen:inst1|div10_t:inst1|2 ; -0.547 ; -0.678        ;
; clk_gen:inst1|div10_t:inst2|2 ; -0.438 ; -0.859        ;
; clk_gen:inst1|div10_t:inst3|2 ; 0.469  ; 0.000         ;
+-------------------------------+--------+---------------+


-----------------------------------------
; Slow 1100mV 0C Model Recovery Summary ;
-----------------------------------------
No paths to report.


----------------------------------------
; Slow 1100mV 0C Model Removal Summary ;
----------------------------------------
No paths to report.


+--------------------------------------------------------+
; Slow 1100mV 0C Model Minimum Pulse Width Summary       ;
+-------------------------------+--------+---------------+
; Clock                         ; Slack  ; End Point TNS ;
+-------------------------------+--------+---------------+
; CLK                           ; -0.724 ; -5.573        ;
; clk_gen:inst1|div10_t:inst3|2 ; -0.724 ; -5.536        ;
; clk_gen:inst1|div10_t:inst1|2 ; -0.724 ; -5.526        ;
; clk_gen:inst1|div10_t:inst2|2 ; -0.724 ; -5.512        ;
; clk_gen:inst1|div10_t:inst|2  ; -0.724 ; -4.480        ;
+-------------------------------+--------+---------------+


+--------------------------------------------------------------------------------------------------------+
; Clock to Output Times                                                                                  ;
+-----------+-------------------------------+-------+-------+------------+-------------------------------+
; Data Port ; Clock Port                    ; Rise  ; Fall  ; Clock Edge ; Clock Reference               ;
+-----------+-------------------------------+-------+-------+------------+-------------------------------+
; DE1       ; clk_gen:inst1|div10_t:inst3|2 ; 6.184 ; 6.396 ; Rise       ; clk_gen:inst1|div10_t:inst3|2 ;
; DE2       ; clk_gen:inst1|div10_t:inst3|2 ; 6.250 ; 6.520 ; Rise       ; clk_gen:inst1|div10_t:inst3|2 ;
+-----------+-------------------------------+-------+-------+------------+-------------------------------+


+--------------------------------------------------------------------------------------------------------+
; Minimum Clock to Output Times                                                                          ;
+-----------+-------------------------------+-------+-------+------------+-------------------------------+
; Data Port ; Clock Port                    ; Rise  ; Fall  ; Clock Edge ; Clock Reference               ;
+-----------+-------------------------------+-------+-------+------------+-------------------------------+
; DE1       ; clk_gen:inst1|div10_t:inst3|2 ; 5.621 ; 5.765 ; Rise       ; clk_gen:inst1|div10_t:inst3|2 ;
; DE2       ; clk_gen:inst1|div10_t:inst3|2 ; 5.679 ; 5.839 ; Rise       ; clk_gen:inst1|div10_t:inst3|2 ;
+-----------+-------------------------------+-------+-------+------------+-------------------------------+


---------------------------------------------
; Slow 1100mV 0C Model Metastability Report ;
---------------------------------------------
No synchronizer chains to report.


+--------------------------------------------------------+
; Fast 1100mV 85C Model Setup Summary                    ;
+-------------------------------+--------+---------------+
; Clock                         ; Slack  ; End Point TNS ;
+-------------------------------+--------+---------------+
; CLK                           ; -0.649 ; -1.002        ;
; clk_gen:inst1|div10_t:inst|2  ; -0.338 ; -1.031        ;
; clk_gen:inst1|div10_t:inst1|2 ; -0.277 ; -0.818        ;
; clk_gen:inst1|div10_t:inst2|2 ; -0.181 ; -0.787        ;
; clk_gen:inst1|div10_t:inst3|2 ; -0.111 ; -0.403        ;
+-------------------------------+--------+---------------+


+--------------------------------------------------------+
; Fast 1100mV 85C Model Hold Summary                     ;
+-------------------------------+--------+---------------+
; Clock                         ; Slack  ; End Point TNS ;
+-------------------------------+--------+---------------+
; CLK                           ; -0.890 ; -1.510        ;
; clk_gen:inst1|div10_t:inst|2  ; -0.486 ; -0.967        ;
; clk_gen:inst1|div10_t:inst2|2 ; -0.466 ; -0.927        ;
; clk_gen:inst1|div10_t:inst1|2 ; -0.448 ; -0.763        ;
; clk_gen:inst1|div10_t:inst3|2 ; 0.169  ; 0.000         ;
+-------------------------------+--------+---------------+


------------------------------------------
; Fast 1100mV 85C Model Recovery Summary ;
------------------------------------------
No paths to report.


-----------------------------------------
; Fast 1100mV 85C Model Removal Summary ;
-----------------------------------------
No paths to report.


+--------------------------------------------------------+
; Fast 1100mV 85C Model Minimum Pulse Width Summary      ;
+-------------------------------+--------+---------------+
; Clock                         ; Slack  ; End Point TNS ;
+-------------------------------+--------+---------------+
; CLK                           ; -0.289 ; -0.670        ;
; clk_gen:inst1|div10_t:inst3|2 ; 0.125  ; 0.000         ;
; clk_gen:inst1|div10_t:inst|2  ; 0.136  ; 0.000         ;
; clk_gen:inst1|div10_t:inst1|2 ; 0.146  ; 0.000         ;
; clk_gen:inst1|div10_t:inst2|2 ; 0.162  ; 0.000         ;
+-------------------------------+--------+---------------+


+--------------------------------------------------------------------------------------------------------+
; Clock to Output Times                                                                                  ;
+-----------+-------------------------------+-------+-------+------------+-------------------------------+
; Data Port ; Clock Port                    ; Rise  ; Fall  ; Clock Edge ; Clock Reference               ;
+-----------+-------------------------------+-------+-------+------------+-------------------------------+
; DE1       ; clk_gen:inst1|div10_t:inst3|2 ; 3.070 ; 3.337 ; Rise       ; clk_gen:inst1|div10_t:inst3|2 ;
; DE2       ; clk_gen:inst1|div10_t:inst3|2 ; 3.125 ; 3.411 ; Rise       ; clk_gen:inst1|div10_t:inst3|2 ;
+-----------+-------------------------------+-------+-------+------------+-------------------------------+


+--------------------------------------------------------------------------------------------------------+
; Minimum Clock to Output Times                                                                          ;
+-----------+-------------------------------+-------+-------+------------+-------------------------------+
; Data Port ; Clock Port                    ; Rise  ; Fall  ; Clock Edge ; Clock Reference               ;
+-----------+-------------------------------+-------+-------+------------+-------------------------------+
; DE1       ; clk_gen:inst1|div10_t:inst3|2 ; 2.797 ; 3.018 ; Rise       ; clk_gen:inst1|div10_t:inst3|2 ;
; DE2       ; clk_gen:inst1|div10_t:inst3|2 ; 2.841 ; 3.073 ; Rise       ; clk_gen:inst1|div10_t:inst3|2 ;
+-----------+-------------------------------+-------+-------+------------+-------------------------------+


----------------------------------------------
; Fast 1100mV 85C Model Metastability Report ;
----------------------------------------------
No synchronizer chains to report.


+--------------------------------------------------------+
; Fast 1100mV 0C Model Setup Summary                     ;
+-------------------------------+--------+---------------+
; Clock                         ; Slack  ; End Point TNS ;
+-------------------------------+--------+---------------+
; CLK                           ; -0.543 ; -0.756        ;
; clk_gen:inst1|div10_t:inst|2  ; -0.292 ; -0.859        ;
; clk_gen:inst1|div10_t:inst1|2 ; -0.286 ; -0.733        ;
; clk_gen:inst1|div10_t:inst2|2 ; -0.158 ; -0.690        ;
; clk_gen:inst1|div10_t:inst3|2 ; -0.069 ; -0.234        ;
+-------------------------------+--------+---------------+


+--------------------------------------------------------+
; Fast 1100mV 0C Model Hold Summary                      ;
+-------------------------------+--------+---------------+
; Clock                         ; Slack  ; End Point TNS ;
+-------------------------------+--------+---------------+
; CLK                           ; -0.935 ; -1.598        ;
; clk_gen:inst1|div10_t:inst|2  ; -0.450 ; -0.891        ;
; clk_gen:inst1|div10_t:inst2|2 ; -0.436 ; -0.869        ;
; clk_gen:inst1|div10_t:inst1|2 ; -0.429 ; -0.723        ;
; clk_gen:inst1|div10_t:inst3|2 ; 0.148  ; 0.000         ;
+-------------------------------+--------+---------------+


-----------------------------------------
; Fast 1100mV 0C Model Recovery Summary ;
-----------------------------------------
No paths to report.


----------------------------------------
; Fast 1100mV 0C Model Removal Summary ;
----------------------------------------
No paths to report.


+--------------------------------------------------------+
; Fast 1100mV 0C Model Minimum Pulse Width Summary       ;
+-------------------------------+--------+---------------+
; Clock                         ; Slack  ; End Point TNS ;
+-------------------------------+--------+---------------+
; CLK                           ; -0.297 ; -0.683        ;
; clk_gen:inst1|div10_t:inst3|2 ; 0.126  ; 0.000         ;
; clk_gen:inst1|div10_t:inst1|2 ; 0.143  ; 0.000         ;
; clk_gen:inst1|div10_t:inst|2  ; 0.143  ; 0.000         ;
; clk_gen:inst1|div10_t:inst2|2 ; 0.160  ; 0.000         ;
+-------------------------------+--------+---------------+


+--------------------------------------------------------------------------------------------------------+
; Clock to Output Times                                                                                  ;
+-----------+-------------------------------+-------+-------+------------+-------------------------------+
; Data Port ; Clock Port                    ; Rise  ; Fall  ; Clock Edge ; Clock Reference               ;
+-----------+-------------------------------+-------+-------+------------+-------------------------------+
; DE1       ; clk_gen:inst1|div10_t:inst3|2 ; 2.831 ; 3.047 ; Rise       ; clk_gen:inst1|div10_t:inst3|2 ;
; DE2       ; clk_gen:inst1|div10_t:inst3|2 ; 2.896 ; 3.127 ; Rise       ; clk_gen:inst1|div10_t:inst3|2 ;
+-----------+-------------------------------+-------+-------+------------+-------------------------------+


+--------------------------------------------------------------------------------------------------------+
; Minimum Clock to Output Times                                                                          ;
+-----------+-------------------------------+-------+-------+------------+-------------------------------+
; Data Port ; Clock Port                    ; Rise  ; Fall  ; Clock Edge ; Clock Reference               ;
+-----------+-------------------------------+-------+-------+------------+-------------------------------+
; DE1       ; clk_gen:inst1|div10_t:inst3|2 ; 2.572 ; 2.757 ; Rise       ; clk_gen:inst1|div10_t:inst3|2 ;
; DE2       ; clk_gen:inst1|div10_t:inst3|2 ; 2.625 ; 2.808 ; Rise       ; clk_gen:inst1|div10_t:inst3|2 ;
+-----------+-------------------------------+-------+-------+------------+-------------------------------+


---------------------------------------------
; Fast 1100mV 0C Model Metastability Report ;
---------------------------------------------
No synchronizer chains to report.


+----------------------------------------------------------------------------------------------+
; Multicorner Timing Analysis Summary                                                          ;
+--------------------------------+---------+--------+----------+---------+---------------------+
; Clock                          ; Setup   ; Hold   ; Recovery ; Removal ; Minimum Pulse Width ;
+--------------------------------+---------+--------+----------+---------+---------------------+
; Worst-case Slack               ; -1.726  ; -1.736 ; N/A      ; N/A     ; -0.724              ;
;  CLK                           ; -1.435  ; -1.736 ; N/A      ; N/A     ; -0.724              ;
;  clk_gen:inst1|div10_t:inst1|2 ; -1.699  ; -0.631 ; N/A      ; N/A     ; -0.724              ;
;  clk_gen:inst1|div10_t:inst2|2 ; -1.297  ; -0.587 ; N/A      ; N/A     ; -0.724              ;
;  clk_gen:inst1|div10_t:inst3|2 ; -1.040  ; 0.148  ; N/A      ; N/A     ; -0.724              ;
;  clk_gen:inst1|div10_t:inst|2  ; -1.726  ; -0.741 ; N/A      ; N/A     ; -0.724              ;
; Design-wide TNS                ; -26.916 ; -6.649 ; 0.0      ; 0.0     ; -26.67              ;
;  CLK                           ; -4.120  ; -3.409 ; N/A      ; N/A     ; -5.596              ;
;  clk_gen:inst1|div10_t:inst1|2 ; -6.265  ; -0.907 ; N/A      ; N/A     ; -5.526              ;
;  clk_gen:inst1|div10_t:inst2|2 ; -5.770  ; -1.159 ; N/A      ; N/A     ; -5.534              ;
;  clk_gen:inst1|div10_t:inst3|2 ; -4.636  ; 0.000  ; N/A      ; N/A     ; -5.536              ;
;  clk_gen:inst1|div10_t:inst|2  ; -6.125  ; -1.419 ; N/A      ; N/A     ; -4.505              ;
+--------------------------------+---------+--------+----------+---------+---------------------+


+--------------------------------------------------------------------------------------------------------+
; Clock to Output Times                                                                                  ;
+-----------+-------------------------------+-------+-------+------------+-------------------------------+
; Data Port ; Clock Port                    ; Rise  ; Fall  ; Clock Edge ; Clock Reference               ;
+-----------+-------------------------------+-------+-------+------------+-------------------------------+
; DE1       ; clk_gen:inst1|div10_t:inst3|2 ; 6.511 ; 6.668 ; Rise       ; clk_gen:inst1|div10_t:inst3|2 ;
; DE2       ; clk_gen:inst1|div10_t:inst3|2 ; 6.524 ; 6.768 ; Rise       ; clk_gen:inst1|div10_t:inst3|2 ;
+-----------+-------------------------------+-------+-------+------------+-------------------------------+


+--------------------------------------------------------------------------------------------------------+
; Minimum Clock to Output Times                                                                          ;
+-----------+-------------------------------+-------+-------+------------+-------------------------------+
; Data Port ; Clock Port                    ; Rise  ; Fall  ; Clock Edge ; Clock Reference               ;
+-----------+-------------------------------+-------+-------+------------+-------------------------------+
; DE1       ; clk_gen:inst1|div10_t:inst3|2 ; 2.572 ; 2.757 ; Rise       ; clk_gen:inst1|div10_t:inst3|2 ;
; DE2       ; clk_gen:inst1|div10_t:inst3|2 ; 2.625 ; 2.808 ; Rise       ; clk_gen:inst1|div10_t:inst3|2 ;
+-----------+-------------------------------+-------+-------+------------+-------------------------------+


+--------------------------------------------------------------------------------------------------------------------------------------------------------------------------------------------------------------------------------------------------------------------------------------------------------------------------------------------------------------------------------------------------------+
; Board Trace Model Assignments                                                                                                                                                                                                                                                                                                                                                                          ;
+-----+--------------+-------------------+-------------------------+-------------------------+---------------+---------------------+----------------+------------------+--------+------------------+------------------------+------------------------+--------------+---------------+-----------------+-------+---------------------+--------------------+---------------+-----------------+-------------+
; Pin ; I/O Standard ; Near Tline Length ; Near Tline L per Length ; Near Tline C per Length ; Near Series R ; Near Differential R ; Near Pull-up R ; Near Pull-down R ; Near C ; Far Tline Length ; Far Tline L per Length ; Far Tline C per Length ; Far Series R ; Far Pull-up R ; Far Pull-down R ; Far C ; Termination Voltage ; Far Differential R ; EBD File Name ; EBD Signal Name ; EBD Far-end ;
+-----+--------------+-------------------+-------------------------+-------------------------+---------------+---------------------+----------------+------------------+--------+------------------+------------------------+------------------------+--------------+---------------+-----------------+-------+---------------------+--------------------+---------------+-----------------+-------------+
; DE1 ; 2.5 V        ; 0 in              ; 0 H/in                  ; 0 F/in                  ; short         ; -                   ; open           ; open             ; open   ; 0 in             ; 0 H/in                 ; 0 F/in                 ; short        ; open          ; open            ; open  ; 0 V                 ; -                  ; n/a           ; n/a             ; n/a         ;
; DE2 ; 2.5 V        ; 0 in              ; 0 H/in                  ; 0 F/in                  ; short         ; -                   ; open           ; open             ; open   ; 0 in             ; 0 H/in                 ; 0 F/in                 ; short        ; open          ; open            ; open  ; 0 V                 ; -                  ; n/a           ; n/a             ; n/a         ;
; DE3 ; 2.5 V        ; 0 in              ; 0 H/in                  ; 0 F/in                  ; short         ; -                   ; open           ; open             ; open   ; 0 in             ; 0 H/in                 ; 0 F/in                 ; short        ; open          ; open            ; open  ; 0 V                 ; -                  ; n/a           ; n/a             ; n/a         ;
; A   ; 2.5 V        ; 0 in              ; 0 H/in                  ; 0 F/in                  ; short         ; -                   ; open           ; open             ; open   ; 0 in             ; 0 H/in                 ; 0 F/in                 ; short        ; open          ; open            ; open  ; 0 V                 ; -                  ; n/a           ; n/a             ; n/a         ;
; B   ; 2.5 V        ; 0 in              ; 0 H/in                  ; 0 F/in                  ; short         ; -                   ; open           ; open             ; open   ; 0 in             ; 0 H/in                 ; 0 F/in                 ; short        ; open          ; open            ; open  ; 0 V                 ; -                  ; n/a           ; n/a             ; n/a         ;
; C   ; 2.5 V        ; 0 in              ; 0 H/in                  ; 0 F/in                  ; short         ; -                   ; open           ; open             ; open   ; 0 in             ; 0 H/in                 ; 0 F/in                 ; short        ; open          ; open            ; open  ; 0 V                 ; -                  ; n/a           ; n/a             ; n/a         ;
; D   ; 2.5 V        ; 0 in              ; 0 H/in                  ; 0 F/in                  ; short         ; -                   ; open           ; open             ; open   ; 0 in             ; 0 H/in                 ; 0 F/in                 ; short        ; open          ; open            ; open  ; 0 V                 ; -                  ; n/a           ; n/a             ; n/a         ;
; E   ; 2.5 V        ; 0 in              ; 0 H/in                  ; 0 F/in                  ; short         ; -                   ; open           ; open             ; open   ; 0 in             ; 0 H/in                 ; 0 F/in                 ; short        ; open          ; open            ; open  ; 0 V                 ; -                  ; n/a           ; n/a             ; n/a         ;
; F   ; 2.5 V        ; 0 in              ; 0 H/in                  ; 0 F/in                  ; short         ; -                   ; open           ; open             ; open   ; 0 in             ; 0 H/in                 ; 0 F/in                 ; short        ; open          ; open            ; open  ; 0 V                 ; -                  ; n/a           ; n/a             ; n/a         ;
; G   ; 2.5 V        ; 0 in              ; 0 H/in                  ; 0 F/in                  ; short         ; -                   ; open           ; open             ; open   ; 0 in             ; 0 H/in                 ; 0 F/in                 ; short        ; open          ; open            ; open  ; 0 V                 ; -                  ; n/a           ; n/a             ; n/a         ;
; DP  ; 2.5 V        ; 0 in              ; 0 H/in                  ; 0 F/in                  ; short         ; -                   ; open           ; open             ; open   ; 0 in             ; 0 H/in                 ; 0 F/in                 ; short        ; open          ; open            ; open  ; 0 V                 ; -                  ; n/a           ; n/a             ; n/a         ;
+-----+--------------+-------------------+-------------------------+-------------------------+---------------+---------------------+----------------+------------------+--------+------------------+------------------------+------------------------+--------------+---------------+-----------------+-------+---------------------+--------------------+---------------+-----------------+-------------+


+--------------------------------------------------------+
; Input Transition Times                                 ;
+-----+--------------+-----------------+-----------------+
; Pin ; I/O Standard ; 10-90 Rise Time ; 90-10 Fall Time ;
+-----+--------------+-----------------+-----------------+
; RK1 ; 2.5 V        ; 2000 ps         ; 2000 ps         ;
; RK2 ; 2.5 V        ; 2000 ps         ; 2000 ps         ;
; RK3 ; 2.5 V        ; 2000 ps         ; 2000 ps         ;
; CLK ; 2.5 V        ; 2000 ps         ; 2000 ps         ;
+-----+--------------+-----------------+-----------------+


+----------------------------------------------------------------------------------------------------------------------------------------------------------------------------------------------------------------------------------------------------------------------------------------------------------------------------------------------------------------------------------------------------------------------------------------------------------------------------------------------------------------------------------------------------------------------------------------------------------------------------------------------------------------------------------+
; Signal Integrity Metrics (Slow 1100mv 0c Model)                                                                                                                                                                                                                                                                                                                                                                                                                                                                                                                                                                                                                                  ;
+-----+--------------+---------------------+---------------------+------------------------------+------------------------------+---------------------+---------------------+--------------------------------------+--------------------------------------+-----------------------------+-----------------------------+----------------------------+----------------------------+-----------------------------+-----------------------------+--------------------+--------------------+-------------------------------------+-------------------------------------+----------------------------+----------------------------+---------------------------+---------------------------+
; Pin ; I/O Standard ; Board Delay on Rise ; Board Delay on Fall ; Steady State Voh at FPGA Pin ; Steady State Vol at FPGA Pin ; Voh Max at FPGA Pin ; Vol Min at FPGA Pin ; Ringback Voltage on Rise at FPGA Pin ; Ringback Voltage on Fall at FPGA Pin ; 10-90 Rise Time at FPGA Pin ; 90-10 Fall Time at FPGA Pin ; Monotonic Rise at FPGA Pin ; Monotonic Fall at FPGA Pin ; Steady State Voh at Far-end ; Steady State Vol at Far-end ; Voh Max at Far-end ; Vol Min at Far-end ; Ringback Voltage on Rise at Far-end ; Ringback Voltage on Fall at Far-end ; 10-90 Rise Time at Far-end ; 90-10 Fall Time at Far-end ; Monotonic Rise at Far-end ; Monotonic Fall at Far-end ;
+-----+--------------+---------------------+---------------------+------------------------------+------------------------------+---------------------+---------------------+--------------------------------------+--------------------------------------+-----------------------------+-----------------------------+----------------------------+----------------------------+-----------------------------+-----------------------------+--------------------+--------------------+-------------------------------------+-------------------------------------+----------------------------+----------------------------+---------------------------+---------------------------+
; DE1 ; 2.5 V        ; 0 s                 ; 0 s                 ; 2.32 V                       ; 6.72e-08 V                   ; 2.4 V               ; -0.041 V            ; 0.19 V                               ; 0.126 V                              ; 4.59e-10 s                  ; 4.54e-10 s                  ; No                         ; Yes                        ; 2.32 V                      ; 6.72e-08 V                  ; 2.4 V              ; -0.041 V           ; 0.19 V                              ; 0.126 V                             ; 4.59e-10 s                 ; 4.54e-10 s                 ; No                        ; Yes                       ;
; DE2 ; 2.5 V        ; 0 s                 ; 0 s                 ; 2.32 V                       ; 6.72e-08 V                   ; 2.4 V               ; -0.041 V            ; 0.19 V                               ; 0.126 V                              ; 4.59e-10 s                  ; 4.54e-10 s                  ; No                         ; Yes                        ; 2.32 V                      ; 6.72e-08 V                  ; 2.4 V              ; -0.041 V           ; 0.19 V                              ; 0.126 V                             ; 4.59e-10 s                 ; 4.54e-10 s                 ; No                        ; Yes                       ;
; DE3 ; 2.5 V        ; 0 s                 ; 0 s                 ; 2.32 V                       ; 6.72e-08 V                   ; 2.4 V               ; -0.0409 V           ; 0.192 V                              ; 0.125 V                              ; 4.59e-10 s                  ; 4.54e-10 s                  ; No                         ; Yes                        ; 2.32 V                      ; 6.72e-08 V                  ; 2.4 V              ; -0.0409 V          ; 0.192 V                             ; 0.125 V                             ; 4.59e-10 s                 ; 4.54e-10 s                 ; No                        ; Yes                       ;
; A   ; 2.5 V        ; 0 s                 ; 0 s                 ; 2.32 V                       ; 6.72e-08 V                   ; 2.4 V               ; -0.041 V            ; 0.19 V                               ; 0.126 V                              ; 4.59e-10 s                  ; 4.54e-10 s                  ; No                         ; Yes                        ; 2.32 V                      ; 6.72e-08 V                  ; 2.4 V              ; -0.041 V           ; 0.19 V                              ; 0.126 V                             ; 4.59e-10 s                 ; 4.54e-10 s                 ; No                        ; Yes                       ;
; B   ; 2.5 V        ; 0 s                 ; 0 s                 ; 2.32 V                       ; 6.72e-08 V                   ; 2.4 V               ; -0.0409 V           ; 0.192 V                              ; 0.125 V                              ; 4.59e-10 s                  ; 4.54e-10 s                  ; No                         ; Yes                        ; 2.32 V                      ; 6.72e-08 V                  ; 2.4 V              ; -0.0409 V          ; 0.192 V                             ; 0.125 V                             ; 4.59e-10 s                 ; 4.54e-10 s                 ; No                        ; Yes                       ;
; C   ; 2.5 V        ; 0 s                 ; 0 s                 ; 2.32 V                       ; 6.72e-08 V                   ; 2.4 V               ; -0.0409 V           ; 0.192 V                              ; 0.125 V                              ; 4.59e-10 s                  ; 4.54e-10 s                  ; No                         ; Yes                        ; 2.32 V                      ; 6.72e-08 V                  ; 2.4 V              ; -0.0409 V          ; 0.192 V                             ; 0.125 V                             ; 4.59e-10 s                 ; 4.54e-10 s                 ; No                        ; Yes                       ;
; D   ; 2.5 V        ; 0 s                 ; 0 s                 ; 2.32 V                       ; 6.72e-08 V                   ; 2.4 V               ; -0.041 V            ; 0.19 V                               ; 0.126 V                              ; 4.59e-10 s                  ; 4.54e-10 s                  ; No                         ; Yes                        ; 2.32 V                      ; 6.72e-08 V                  ; 2.4 V              ; -0.041 V           ; 0.19 V                              ; 0.126 V                             ; 4.59e-10 s                 ; 4.54e-10 s                 ; No                        ; Yes                       ;
; E   ; 2.5 V        ; 0 s                 ; 0 s                 ; 2.32 V                       ; 6.72e-08 V                   ; 2.4 V               ; -0.041 V            ; 0.19 V                               ; 0.126 V                              ; 4.59e-10 s                  ; 4.54e-10 s                  ; No                         ; Yes                        ; 2.32 V                      ; 6.72e-08 V                  ; 2.4 V              ; -0.041 V           ; 0.19 V                              ; 0.126 V                             ; 4.59e-10 s                 ; 4.54e-10 s                 ; No                        ; Yes                       ;
; F   ; 2.5 V        ; 0 s                 ; 0 s                 ; 2.32 V                       ; 6.72e-08 V                   ; 2.4 V               ; -0.041 V            ; 0.19 V                               ; 0.126 V                              ; 4.59e-10 s                  ; 4.54e-10 s                  ; No                         ; Yes                        ; 2.32 V                      ; 6.72e-08 V                  ; 2.4 V              ; -0.041 V           ; 0.19 V                              ; 0.126 V                             ; 4.59e-10 s                 ; 4.54e-10 s                 ; No                        ; Yes                       ;
; G   ; 2.5 V        ; 0 s                 ; 0 s                 ; 2.32 V                       ; 6.72e-08 V                   ; 2.4 V               ; -0.041 V            ; 0.19 V                               ; 0.126 V                              ; 4.59e-10 s                  ; 4.54e-10 s                  ; No                         ; Yes                        ; 2.32 V                      ; 6.72e-08 V                  ; 2.4 V              ; -0.041 V           ; 0.19 V                              ; 0.126 V                             ; 4.59e-10 s                 ; 4.54e-10 s                 ; No                        ; Yes                       ;
; DP  ; 2.5 V        ; 0 s                 ; 0 s                 ; 2.32 V                       ; 6.72e-08 V                   ; 2.4 V               ; -0.0409 V           ; 0.192 V                              ; 0.125 V                              ; 4.59e-10 s                  ; 4.54e-10 s                  ; No                         ; Yes                        ; 2.32 V                      ; 6.72e-08 V                  ; 2.4 V              ; -0.0409 V          ; 0.192 V                             ; 0.125 V                             ; 4.59e-10 s                 ; 4.54e-10 s                 ; No                        ; Yes                       ;
+-----+--------------+---------------------+---------------------+------------------------------+------------------------------+---------------------+---------------------+--------------------------------------+--------------------------------------+-----------------------------+-----------------------------+----------------------------+----------------------------+-----------------------------+-----------------------------+--------------------+--------------------+-------------------------------------+-------------------------------------+----------------------------+----------------------------+---------------------------+---------------------------+


+----------------------------------------------------------------------------------------------------------------------------------------------------------------------------------------------------------------------------------------------------------------------------------------------------------------------------------------------------------------------------------------------------------------------------------------------------------------------------------------------------------------------------------------------------------------------------------------------------------------------------------------------------------------------------------+
; Signal Integrity Metrics (Slow 1100mv 85c Model)                                                                                                                                                                                                                                                                                                                                                                                                                                                                                                                                                                                                                                 ;
+-----+--------------+---------------------+---------------------+------------------------------+------------------------------+---------------------+---------------------+--------------------------------------+--------------------------------------+-----------------------------+-----------------------------+----------------------------+----------------------------+-----------------------------+-----------------------------+--------------------+--------------------+-------------------------------------+-------------------------------------+----------------------------+----------------------------+---------------------------+---------------------------+
; Pin ; I/O Standard ; Board Delay on Rise ; Board Delay on Fall ; Steady State Voh at FPGA Pin ; Steady State Vol at FPGA Pin ; Voh Max at FPGA Pin ; Vol Min at FPGA Pin ; Ringback Voltage on Rise at FPGA Pin ; Ringback Voltage on Fall at FPGA Pin ; 10-90 Rise Time at FPGA Pin ; 90-10 Fall Time at FPGA Pin ; Monotonic Rise at FPGA Pin ; Monotonic Fall at FPGA Pin ; Steady State Voh at Far-end ; Steady State Vol at Far-end ; Voh Max at Far-end ; Vol Min at Far-end ; Ringback Voltage on Rise at Far-end ; Ringback Voltage on Fall at Far-end ; 10-90 Rise Time at Far-end ; 90-10 Fall Time at Far-end ; Monotonic Rise at Far-end ; Monotonic Fall at Far-end ;
+-----+--------------+---------------------+---------------------+------------------------------+------------------------------+---------------------+---------------------+--------------------------------------+--------------------------------------+-----------------------------+-----------------------------+----------------------------+----------------------------+-----------------------------+-----------------------------+--------------------+--------------------+-------------------------------------+-------------------------------------+----------------------------+----------------------------+---------------------------+---------------------------+
; DE1 ; 2.5 V        ; 0 s                 ; 0 s                 ; 2.32 V                       ; 1.04e-05 V                   ; 2.38 V              ; -0.0273 V           ; 0.226 V                              ; 0.08 V                               ; 4.84e-10 s                  ; 5.19e-10 s                  ; No                         ; Yes                        ; 2.32 V                      ; 1.04e-05 V                  ; 2.38 V             ; -0.0273 V          ; 0.226 V                             ; 0.08 V                              ; 4.84e-10 s                 ; 5.19e-10 s                 ; No                        ; Yes                       ;
; DE2 ; 2.5 V        ; 0 s                 ; 0 s                 ; 2.32 V                       ; 1.04e-05 V                   ; 2.38 V              ; -0.0273 V           ; 0.226 V                              ; 0.08 V                               ; 4.84e-10 s                  ; 5.19e-10 s                  ; No                         ; Yes                        ; 2.32 V                      ; 1.04e-05 V                  ; 2.38 V             ; -0.0273 V          ; 0.226 V                             ; 0.08 V                              ; 4.84e-10 s                 ; 5.19e-10 s                 ; No                        ; Yes                       ;
; DE3 ; 2.5 V        ; 0 s                 ; 0 s                 ; 2.32 V                       ; 1.04e-05 V                   ; 2.38 V              ; -0.027 V            ; 0.226 V                              ; 0.08 V                               ; 4.84e-10 s                  ; 5.18e-10 s                  ; No                         ; Yes                        ; 2.32 V                      ; 1.04e-05 V                  ; 2.38 V             ; -0.027 V           ; 0.226 V                             ; 0.08 V                              ; 4.84e-10 s                 ; 5.18e-10 s                 ; No                        ; Yes                       ;
; A   ; 2.5 V        ; 0 s                 ; 0 s                 ; 2.32 V                       ; 1.04e-05 V                   ; 2.38 V              ; -0.0273 V           ; 0.226 V                              ; 0.08 V                               ; 4.84e-10 s                  ; 5.19e-10 s                  ; No                         ; Yes                        ; 2.32 V                      ; 1.04e-05 V                  ; 2.38 V             ; -0.0273 V          ; 0.226 V                             ; 0.08 V                              ; 4.84e-10 s                 ; 5.19e-10 s                 ; No                        ; Yes                       ;
; B   ; 2.5 V        ; 0 s                 ; 0 s                 ; 2.32 V                       ; 1.04e-05 V                   ; 2.38 V              ; -0.027 V            ; 0.226 V                              ; 0.08 V                               ; 4.84e-10 s                  ; 5.18e-10 s                  ; No                         ; Yes                        ; 2.32 V                      ; 1.04e-05 V                  ; 2.38 V             ; -0.027 V           ; 0.226 V                             ; 0.08 V                              ; 4.84e-10 s                 ; 5.18e-10 s                 ; No                        ; Yes                       ;
; C   ; 2.5 V        ; 0 s                 ; 0 s                 ; 2.32 V                       ; 1.04e-05 V                   ; 2.38 V              ; -0.027 V            ; 0.226 V                              ; 0.08 V                               ; 4.84e-10 s                  ; 5.18e-10 s                  ; No                         ; Yes                        ; 2.32 V                      ; 1.04e-05 V                  ; 2.38 V             ; -0.027 V           ; 0.226 V                             ; 0.08 V                              ; 4.84e-10 s                 ; 5.18e-10 s                 ; No                        ; Yes                       ;
; D   ; 2.5 V        ; 0 s                 ; 0 s                 ; 2.32 V                       ; 1.04e-05 V                   ; 2.38 V              ; -0.0273 V           ; 0.226 V                              ; 0.08 V                               ; 4.84e-10 s                  ; 5.19e-10 s                  ; No                         ; Yes                        ; 2.32 V                      ; 1.04e-05 V                  ; 2.38 V             ; -0.0273 V          ; 0.226 V                             ; 0.08 V                              ; 4.84e-10 s                 ; 5.19e-10 s                 ; No                        ; Yes                       ;
; E   ; 2.5 V        ; 0 s                 ; 0 s                 ; 2.32 V                       ; 1.04e-05 V                   ; 2.38 V              ; -0.0273 V           ; 0.226 V                              ; 0.08 V                               ; 4.84e-10 s                  ; 5.19e-10 s                  ; No                         ; Yes                        ; 2.32 V                      ; 1.04e-05 V                  ; 2.38 V             ; -0.0273 V          ; 0.226 V                             ; 0.08 V                              ; 4.84e-10 s                 ; 5.19e-10 s                 ; No                        ; Yes                       ;
; F   ; 2.5 V        ; 0 s                 ; 0 s                 ; 2.32 V                       ; 1.04e-05 V                   ; 2.38 V              ; -0.0273 V           ; 0.226 V                              ; 0.08 V                               ; 4.84e-10 s                  ; 5.19e-10 s                  ; No                         ; Yes                        ; 2.32 V                      ; 1.04e-05 V                  ; 2.38 V             ; -0.0273 V          ; 0.226 V                             ; 0.08 V                              ; 4.84e-10 s                 ; 5.19e-10 s                 ; No                        ; Yes                       ;
; G   ; 2.5 V        ; 0 s                 ; 0 s                 ; 2.32 V                       ; 1.04e-05 V                   ; 2.38 V              ; -0.0273 V           ; 0.226 V                              ; 0.08 V                               ; 4.84e-10 s                  ; 5.19e-10 s                  ; No                         ; Yes                        ; 2.32 V                      ; 1.04e-05 V                  ; 2.38 V             ; -0.0273 V          ; 0.226 V                             ; 0.08 V                              ; 4.84e-10 s                 ; 5.19e-10 s                 ; No                        ; Yes                       ;
; DP  ; 2.5 V        ; 0 s                 ; 0 s                 ; 2.32 V                       ; 1.04e-05 V                   ; 2.38 V              ; -0.027 V            ; 0.226 V                              ; 0.08 V                               ; 4.84e-10 s                  ; 5.18e-10 s                  ; No                         ; Yes                        ; 2.32 V                      ; 1.04e-05 V                  ; 2.38 V             ; -0.027 V           ; 0.226 V                             ; 0.08 V                              ; 4.84e-10 s                 ; 5.18e-10 s                 ; No                        ; Yes                       ;
+-----+--------------+---------------------+---------------------+------------------------------+------------------------------+---------------------+---------------------+--------------------------------------+--------------------------------------+-----------------------------+-----------------------------+----------------------------+----------------------------+-----------------------------+-----------------------------+--------------------+--------------------+-------------------------------------+-------------------------------------+----------------------------+----------------------------+---------------------------+---------------------------+


+----------------------------------------------------------------------------------------------------------------------------------------------------------------------------------------------------------------------------------------------------------------------------------------------------------------------------------------------------------------------------------------------------------------------------------------------------------------------------------------------------------------------------------------------------------------------------------------------------------------------------------------------------------------------------------+
; Signal Integrity Metrics (Fast 1100mv 0c Model)                                                                                                                                                                                                                                                                                                                                                                                                                                                                                                                                                                                                                                  ;
+-----+--------------+---------------------+---------------------+------------------------------+------------------------------+---------------------+---------------------+--------------------------------------+--------------------------------------+-----------------------------+-----------------------------+----------------------------+----------------------------+-----------------------------+-----------------------------+--------------------+--------------------+-------------------------------------+-------------------------------------+----------------------------+----------------------------+---------------------------+---------------------------+
; Pin ; I/O Standard ; Board Delay on Rise ; Board Delay on Fall ; Steady State Voh at FPGA Pin ; Steady State Vol at FPGA Pin ; Voh Max at FPGA Pin ; Vol Min at FPGA Pin ; Ringback Voltage on Rise at FPGA Pin ; Ringback Voltage on Fall at FPGA Pin ; 10-90 Rise Time at FPGA Pin ; 90-10 Fall Time at FPGA Pin ; Monotonic Rise at FPGA Pin ; Monotonic Fall at FPGA Pin ; Steady State Voh at Far-end ; Steady State Vol at Far-end ; Voh Max at Far-end ; Vol Min at Far-end ; Ringback Voltage on Rise at Far-end ; Ringback Voltage on Fall at Far-end ; 10-90 Rise Time at Far-end ; 90-10 Fall Time at Far-end ; Monotonic Rise at Far-end ; Monotonic Fall at Far-end ;
+-----+--------------+---------------------+---------------------+------------------------------+------------------------------+---------------------+---------------------+--------------------------------------+--------------------------------------+-----------------------------+-----------------------------+----------------------------+----------------------------+-----------------------------+-----------------------------+--------------------+--------------------+-------------------------------------+-------------------------------------+----------------------------+----------------------------+---------------------------+---------------------------+
; DE1 ; 2.5 V        ; 0 s                 ; 0 s                 ; 2.75 V                       ; 4.14e-06 V                   ; 2.91 V              ; -0.119 V            ; 0.326 V                              ; 0.298 V                              ; 2.74e-10 s                  ; 2.8e-10 s                   ; No                         ; No                         ; 2.75 V                      ; 4.14e-06 V                  ; 2.91 V             ; -0.119 V           ; 0.326 V                             ; 0.298 V                             ; 2.74e-10 s                 ; 2.8e-10 s                  ; No                        ; No                        ;
; DE2 ; 2.5 V        ; 0 s                 ; 0 s                 ; 2.75 V                       ; 4.14e-06 V                   ; 2.91 V              ; -0.119 V            ; 0.326 V                              ; 0.298 V                              ; 2.74e-10 s                  ; 2.8e-10 s                   ; No                         ; No                         ; 2.75 V                      ; 4.14e-06 V                  ; 2.91 V             ; -0.119 V           ; 0.326 V                             ; 0.298 V                             ; 2.74e-10 s                 ; 2.8e-10 s                  ; No                        ; No                        ;
; DE3 ; 2.5 V        ; 0 s                 ; 0 s                 ; 2.75 V                       ; 4.14e-06 V                   ; 2.91 V              ; -0.121 V            ; 0.326 V                              ; 0.297 V                              ; 2.74e-10 s                  ; 2.8e-10 s                   ; No                         ; No                         ; 2.75 V                      ; 4.14e-06 V                  ; 2.91 V             ; -0.121 V           ; 0.326 V                             ; 0.297 V                             ; 2.74e-10 s                 ; 2.8e-10 s                  ; No                        ; No                        ;
; A   ; 2.5 V        ; 0 s                 ; 0 s                 ; 2.75 V                       ; 4.14e-06 V                   ; 2.91 V              ; -0.119 V            ; 0.326 V                              ; 0.298 V                              ; 2.74e-10 s                  ; 2.8e-10 s                   ; No                         ; No                         ; 2.75 V                      ; 4.14e-06 V                  ; 2.91 V             ; -0.119 V           ; 0.326 V                             ; 0.298 V                             ; 2.74e-10 s                 ; 2.8e-10 s                  ; No                        ; No                        ;
; B   ; 2.5 V        ; 0 s                 ; 0 s                 ; 2.75 V                       ; 4.14e-06 V                   ; 2.91 V              ; -0.121 V            ; 0.326 V                              ; 0.297 V                              ; 2.74e-10 s                  ; 2.8e-10 s                   ; No                         ; No                         ; 2.75 V                      ; 4.14e-06 V                  ; 2.91 V             ; -0.121 V           ; 0.326 V                             ; 0.297 V                             ; 2.74e-10 s                 ; 2.8e-10 s                  ; No                        ; No                        ;
; C   ; 2.5 V        ; 0 s                 ; 0 s                 ; 2.75 V                       ; 4.14e-06 V                   ; 2.91 V              ; -0.121 V            ; 0.326 V                              ; 0.297 V                              ; 2.74e-10 s                  ; 2.8e-10 s                   ; No                         ; No                         ; 2.75 V                      ; 4.14e-06 V                  ; 2.91 V             ; -0.121 V           ; 0.326 V                             ; 0.297 V                             ; 2.74e-10 s                 ; 2.8e-10 s                  ; No                        ; No                        ;
; D   ; 2.5 V        ; 0 s                 ; 0 s                 ; 2.75 V                       ; 4.14e-06 V                   ; 2.91 V              ; -0.119 V            ; 0.326 V                              ; 0.298 V                              ; 2.74e-10 s                  ; 2.8e-10 s                   ; No                         ; No                         ; 2.75 V                      ; 4.14e-06 V                  ; 2.91 V             ; -0.119 V           ; 0.326 V                             ; 0.298 V                             ; 2.74e-10 s                 ; 2.8e-10 s                  ; No                        ; No                        ;
; E   ; 2.5 V        ; 0 s                 ; 0 s                 ; 2.75 V                       ; 4.14e-06 V                   ; 2.91 V              ; -0.119 V            ; 0.326 V                              ; 0.298 V                              ; 2.74e-10 s                  ; 2.8e-10 s                   ; No                         ; No                         ; 2.75 V                      ; 4.14e-06 V                  ; 2.91 V             ; -0.119 V           ; 0.326 V                             ; 0.298 V                             ; 2.74e-10 s                 ; 2.8e-10 s                  ; No                        ; No                        ;
; F   ; 2.5 V        ; 0 s                 ; 0 s                 ; 2.75 V                       ; 4.14e-06 V                   ; 2.91 V              ; -0.119 V            ; 0.326 V                              ; 0.298 V                              ; 2.74e-10 s                  ; 2.8e-10 s                   ; No                         ; No                         ; 2.75 V                      ; 4.14e-06 V                  ; 2.91 V             ; -0.119 V           ; 0.326 V                             ; 0.298 V                             ; 2.74e-10 s                 ; 2.8e-10 s                  ; No                        ; No                        ;
; G   ; 2.5 V        ; 0 s                 ; 0 s                 ; 2.75 V                       ; 4.14e-06 V                   ; 2.91 V              ; -0.119 V            ; 0.326 V                              ; 0.298 V                              ; 2.74e-10 s                  ; 2.8e-10 s                   ; No                         ; No                         ; 2.75 V                      ; 4.14e-06 V                  ; 2.91 V             ; -0.119 V           ; 0.326 V                             ; 0.298 V                             ; 2.74e-10 s                 ; 2.8e-10 s                  ; No                        ; No                        ;
; DP  ; 2.5 V        ; 0 s                 ; 0 s                 ; 2.75 V                       ; 4.14e-06 V                   ; 2.91 V              ; -0.121 V            ; 0.326 V                              ; 0.297 V                              ; 2.74e-10 s                  ; 2.8e-10 s                   ; No                         ; No                         ; 2.75 V                      ; 4.14e-06 V                  ; 2.91 V             ; -0.121 V           ; 0.326 V                             ; 0.297 V                             ; 2.74e-10 s                 ; 2.8e-10 s                  ; No                        ; No                        ;
+-----+--------------+---------------------+---------------------+------------------------------+------------------------------+---------------------+---------------------+--------------------------------------+--------------------------------------+-----------------------------+-----------------------------+----------------------------+----------------------------+-----------------------------+-----------------------------+--------------------+--------------------+-------------------------------------+-------------------------------------+----------------------------+----------------------------+---------------------------+---------------------------+


+----------------------------------------------------------------------------------------------------------------------------------------------------------------------------------------------------------------------------------------------------------------------------------------------------------------------------------------------------------------------------------------------------------------------------------------------------------------------------------------------------------------------------------------------------------------------------------------------------------------------------------------------------------------------------------+
; Signal Integrity Metrics (Fast 1100mv 85c Model)                                                                                                                                                                                                                                                                                                                                                                                                                                                                                                                                                                                                                                 ;
+-----+--------------+---------------------+---------------------+------------------------------+------------------------------+---------------------+---------------------+--------------------------------------+--------------------------------------+-----------------------------+-----------------------------+----------------------------+----------------------------+-----------------------------+-----------------------------+--------------------+--------------------+-------------------------------------+-------------------------------------+----------------------------+----------------------------+---------------------------+---------------------------+
; Pin ; I/O Standard ; Board Delay on Rise ; Board Delay on Fall ; Steady State Voh at FPGA Pin ; Steady State Vol at FPGA Pin ; Voh Max at FPGA Pin ; Vol Min at FPGA Pin ; Ringback Voltage on Rise at FPGA Pin ; Ringback Voltage on Fall at FPGA Pin ; 10-90 Rise Time at FPGA Pin ; 90-10 Fall Time at FPGA Pin ; Monotonic Rise at FPGA Pin ; Monotonic Fall at FPGA Pin ; Steady State Voh at Far-end ; Steady State Vol at Far-end ; Voh Max at Far-end ; Vol Min at Far-end ; Ringback Voltage on Rise at Far-end ; Ringback Voltage on Fall at Far-end ; 10-90 Rise Time at Far-end ; 90-10 Fall Time at Far-end ; Monotonic Rise at Far-end ; Monotonic Fall at Far-end ;
+-----+--------------+---------------------+---------------------+------------------------------+------------------------------+---------------------+---------------------+--------------------------------------+--------------------------------------+-----------------------------+-----------------------------+----------------------------+----------------------------+-----------------------------+-----------------------------+--------------------+--------------------+-------------------------------------+-------------------------------------+----------------------------+----------------------------+---------------------------+---------------------------+
; DE1 ; 2.5 V        ; 0 s                 ; 0 s                 ; 2.75 V                       ; 0.000242 V                   ; 2.86 V              ; -0.0805 V           ; 0.358 V                              ; 0.156 V                              ; 3.01e-10 s                  ; 4.34e-10 s                  ; No                         ; No                         ; 2.75 V                      ; 0.000242 V                  ; 2.86 V             ; -0.0805 V          ; 0.358 V                             ; 0.156 V                             ; 3.01e-10 s                 ; 4.34e-10 s                 ; No                        ; No                        ;
; DE2 ; 2.5 V        ; 0 s                 ; 0 s                 ; 2.75 V                       ; 0.000242 V                   ; 2.86 V              ; -0.0805 V           ; 0.358 V                              ; 0.156 V                              ; 3.01e-10 s                  ; 4.34e-10 s                  ; No                         ; No                         ; 2.75 V                      ; 0.000242 V                  ; 2.86 V             ; -0.0805 V          ; 0.358 V                             ; 0.156 V                             ; 3.01e-10 s                 ; 4.34e-10 s                 ; No                        ; No                        ;
; DE3 ; 2.5 V        ; 0 s                 ; 0 s                 ; 2.75 V                       ; 0.000242 V                   ; 2.86 V              ; -0.0814 V           ; 0.36 V                               ; 0.156 V                              ; 3e-10 s                     ; 4.34e-10 s                  ; No                         ; No                         ; 2.75 V                      ; 0.000242 V                  ; 2.86 V             ; -0.0814 V          ; 0.36 V                              ; 0.156 V                             ; 3e-10 s                    ; 4.34e-10 s                 ; No                        ; No                        ;
; A   ; 2.5 V        ; 0 s                 ; 0 s                 ; 2.75 V                       ; 0.000242 V                   ; 2.86 V              ; -0.0805 V           ; 0.358 V                              ; 0.156 V                              ; 3.01e-10 s                  ; 4.34e-10 s                  ; No                         ; No                         ; 2.75 V                      ; 0.000242 V                  ; 2.86 V             ; -0.0805 V          ; 0.358 V                             ; 0.156 V                             ; 3.01e-10 s                 ; 4.34e-10 s                 ; No                        ; No                        ;
; B   ; 2.5 V        ; 0 s                 ; 0 s                 ; 2.75 V                       ; 0.000242 V                   ; 2.86 V              ; -0.0814 V           ; 0.36 V                               ; 0.156 V                              ; 3e-10 s                     ; 4.34e-10 s                  ; No                         ; No                         ; 2.75 V                      ; 0.000242 V                  ; 2.86 V             ; -0.0814 V          ; 0.36 V                              ; 0.156 V                             ; 3e-10 s                    ; 4.34e-10 s                 ; No                        ; No                        ;
; C   ; 2.5 V        ; 0 s                 ; 0 s                 ; 2.75 V                       ; 0.000242 V                   ; 2.86 V              ; -0.0814 V           ; 0.36 V                               ; 0.156 V                              ; 3e-10 s                     ; 4.34e-10 s                  ; No                         ; No                         ; 2.75 V                      ; 0.000242 V                  ; 2.86 V             ; -0.0814 V          ; 0.36 V                              ; 0.156 V                             ; 3e-10 s                    ; 4.34e-10 s                 ; No                        ; No                        ;
; D   ; 2.5 V        ; 0 s                 ; 0 s                 ; 2.75 V                       ; 0.000242 V                   ; 2.86 V              ; -0.0805 V           ; 0.358 V                              ; 0.156 V                              ; 3.01e-10 s                  ; 4.34e-10 s                  ; No                         ; No                         ; 2.75 V                      ; 0.000242 V                  ; 2.86 V             ; -0.0805 V          ; 0.358 V                             ; 0.156 V                             ; 3.01e-10 s                 ; 4.34e-10 s                 ; No                        ; No                        ;
; E   ; 2.5 V        ; 0 s                 ; 0 s                 ; 2.75 V                       ; 0.000242 V                   ; 2.86 V              ; -0.0805 V           ; 0.358 V                              ; 0.156 V                              ; 3.01e-10 s                  ; 4.34e-10 s                  ; No                         ; No                         ; 2.75 V                      ; 0.000242 V                  ; 2.86 V             ; -0.0805 V          ; 0.358 V                             ; 0.156 V                             ; 3.01e-10 s                 ; 4.34e-10 s                 ; No                        ; No                        ;
; F   ; 2.5 V        ; 0 s                 ; 0 s                 ; 2.75 V                       ; 0.000242 V                   ; 2.86 V              ; -0.0805 V           ; 0.358 V                              ; 0.156 V                              ; 3.01e-10 s                  ; 4.34e-10 s                  ; No                         ; No                         ; 2.75 V                      ; 0.000242 V                  ; 2.86 V             ; -0.0805 V          ; 0.358 V                             ; 0.156 V                             ; 3.01e-10 s                 ; 4.34e-10 s                 ; No                        ; No                        ;
; G   ; 2.5 V        ; 0 s                 ; 0 s                 ; 2.75 V                       ; 0.000242 V                   ; 2.86 V              ; -0.0805 V           ; 0.358 V                              ; 0.156 V                              ; 3.01e-10 s                  ; 4.34e-10 s                  ; No                         ; No                         ; 2.75 V                      ; 0.000242 V                  ; 2.86 V             ; -0.0805 V          ; 0.358 V                             ; 0.156 V                             ; 3.01e-10 s                 ; 4.34e-10 s                 ; No                        ; No                        ;
; DP  ; 2.5 V        ; 0 s                 ; 0 s                 ; 2.75 V                       ; 0.000242 V                   ; 2.86 V              ; -0.0814 V           ; 0.36 V                               ; 0.156 V                              ; 3e-10 s                     ; 4.34e-10 s                  ; No                         ; No                         ; 2.75 V                      ; 0.000242 V                  ; 2.86 V             ; -0.0814 V          ; 0.36 V                              ; 0.156 V                             ; 3e-10 s                    ; 4.34e-10 s                 ; No                        ; No                        ;
+-----+--------------+---------------------+---------------------+------------------------------+------------------------------+---------------------+---------------------+--------------------------------------+--------------------------------------+-----------------------------+-----------------------------+----------------------------+----------------------------+-----------------------------+-----------------------------+--------------------+--------------------+-------------------------------------+-------------------------------------+----------------------------+----------------------------+---------------------------+---------------------------+


+-----------------------------------------------------------------------------------------------------------+
; Setup Transfers                                                                                           ;
+-------------------------------+-------------------------------+----------+----------+----------+----------+
; From Clock                    ; To Clock                      ; RR Paths ; FR Paths ; RF Paths ; FF Paths ;
+-------------------------------+-------------------------------+----------+----------+----------+----------+
; CLK                           ; CLK                           ; 10       ; 0        ; 0        ; 0        ;
; clk_gen:inst1|div10_t:inst|2  ; CLK                           ; 2        ; 2        ; 0        ; 0        ;
; clk_gen:inst1|div10_t:inst1|2 ; clk_gen:inst1|div10_t:inst1|2 ; 10       ; 0        ; 0        ; 0        ;
; clk_gen:inst1|div10_t:inst2|2 ; clk_gen:inst1|div10_t:inst1|2 ; 2        ; 2        ; 0        ; 0        ;
; clk_gen:inst1|div10_t:inst2|2 ; clk_gen:inst1|div10_t:inst2|2 ; 10       ; 0        ; 0        ; 0        ;
; clk_gen:inst1|div10_t:inst3|2 ; clk_gen:inst1|div10_t:inst2|2 ; 2        ; 2        ; 0        ; 0        ;
; clk_gen:inst1|div10_t:inst3|2 ; clk_gen:inst1|div10_t:inst3|2 ; 6        ; 0        ; 0        ; 0        ;
; clk_gen:inst1|div10_t:inst1|2 ; clk_gen:inst1|div10_t:inst|2  ; 2        ; 2        ; 0        ; 0        ;
; clk_gen:inst1|div10_t:inst|2  ; clk_gen:inst1|div10_t:inst|2  ; 9        ; 0        ; 0        ; 0        ;
+-------------------------------+-------------------------------+----------+----------+----------+----------+
Entries labeled "false path" only account for clock-to-clock false paths and not path-based false paths. As a result, actual path counts may be lower than reported.


+-----------------------------------------------------------------------------------------------------------+
; Hold Transfers                                                                                            ;
+-------------------------------+-------------------------------+----------+----------+----------+----------+
; From Clock                    ; To Clock                      ; RR Paths ; FR Paths ; RF Paths ; FF Paths ;
+-------------------------------+-------------------------------+----------+----------+----------+----------+
; CLK                           ; CLK                           ; 10       ; 0        ; 0        ; 0        ;
; clk_gen:inst1|div10_t:inst|2  ; CLK                           ; 2        ; 2        ; 0        ; 0        ;
; clk_gen:inst1|div10_t:inst1|2 ; clk_gen:inst1|div10_t:inst1|2 ; 10       ; 0        ; 0        ; 0        ;
; clk_gen:inst1|div10_t:inst2|2 ; clk_gen:inst1|div10_t:inst1|2 ; 2        ; 2        ; 0        ; 0        ;
; clk_gen:inst1|div10_t:inst2|2 ; clk_gen:inst1|div10_t:inst2|2 ; 10       ; 0        ; 0        ; 0        ;
; clk_gen:inst1|div10_t:inst3|2 ; clk_gen:inst1|div10_t:inst2|2 ; 2        ; 2        ; 0        ; 0        ;
; clk_gen:inst1|div10_t:inst3|2 ; clk_gen:inst1|div10_t:inst3|2 ; 6        ; 0        ; 0        ; 0        ;
; clk_gen:inst1|div10_t:inst1|2 ; clk_gen:inst1|div10_t:inst|2  ; 2        ; 2        ; 0        ; 0        ;
; clk_gen:inst1|div10_t:inst|2  ; clk_gen:inst1|div10_t:inst|2  ; 9        ; 0        ; 0        ; 0        ;
+-------------------------------+-------------------------------+----------+----------+----------+----------+
Entries labeled "false path" only account for clock-to-clock false paths and not path-based false paths. As a result, actual path counts may be lower than reported.


---------------
; Report TCCS ;
---------------
No dedicated SERDES Transmitter circuitry present in device or used in design


---------------
; Report RSKM ;
---------------
No non-DPA dedicated SERDES Receiver circuitry present in device or used in design


+------------------------------------------------+
; Unconstrained Paths                            ;
+---------------------------------+-------+------+
; Property                        ; Setup ; Hold ;
+---------------------------------+-------+------+
; Illegal Clocks                  ; 0     ; 0    ;
; Unconstrained Clocks            ; 0     ; 0    ;
; Unconstrained Input Ports       ; 0     ; 0    ;
; Unconstrained Input Port Paths  ; 0     ; 0    ;
; Unconstrained Output Ports      ; 2     ; 2    ;
; Unconstrained Output Port Paths ; 2     ; 2    ;
+---------------------------------+-------+------+


+------------------------------------+
; TimeQuest Timing Analyzer Messages ;
+------------------------------------+
Info: *******************************************************************
Info: Running Quartus II 64-Bit TimeQuest Timing Analyzer
    Info: Version 13.1.0 Build 162 10/23/2013 SJ Web Edition
    Info: Processing started: Thu May 28 22:48:17 2020
Info: Command: quartus_sta keypad_test -c keypad_test
Info: qsta_default_script.tcl version: #1
Warning (20028): Parallel compilation is not licensed and has been disabled
Info (21077): Low junction temperature is 0 degrees C
Info (21077): High junction temperature is 85 degrees C
Critical Warning (332012): Synopsys Design Constraints File file not found: 'keypad_test.sdc'. A Synopsys Design Constraints File is required by the TimeQuest Timing Analyzer to get proper timing constraints. Without it, the Compiler will not properly optimize the design.
Info (332142): No user constrained base clocks found in the design. Calling "derive_clocks -period 1.0"
Info (332105): Deriving Clocks
    Info (332105): create_clock -period 1.000 -name clk_gen:inst1|div10_t:inst3|2 clk_gen:inst1|div10_t:inst3|2
    Info (332105): create_clock -period 1.000 -name clk_gen:inst1|div10_t:inst2|2 clk_gen:inst1|div10_t:inst2|2
    Info (332105): create_clock -period 1.000 -name clk_gen:inst1|div10_t:inst1|2 clk_gen:inst1|div10_t:inst1|2
    Info (332105): create_clock -period 1.000 -name clk_gen:inst1|div10_t:inst|2 clk_gen:inst1|div10_t:inst|2
    Info (332105): create_clock -period 1.000 -name CLK CLK
Info (332143): No user constrained clock uncertainty found in the design. Calling "derive_clock_uncertainty"
Info (332123): Deriving Clock Uncertainty. Please refer to report_sdc in TimeQuest to see clock uncertainties.
Info: Found TIMEQUEST_REPORT_SCRIPT_INCLUDE_DEFAULT_ANALYSIS = ON
Info: Analyzing Slow 1100mV 85C Model
Critical Warning (332148): Timing requirements not met
    Info (11105): For recommendations on closing timing, run Report Timing Closure Recommendations in the TimeQuest Timing Analyzer.
Info (332146): Worst-case setup slack is -1.643
    Info (332119):     Slack       End Point TNS Clock 
    Info (332119): ========= =================== =====================
    Info (332119):    -1.643              -5.915 clk_gen:inst1|div10_t:inst|2 
    Info (332119):    -1.603              -6.067 clk_gen:inst1|div10_t:inst1|2 
    Info (332119):    -1.252              -5.722 clk_gen:inst1|div10_t:inst2|2 
    Info (332119):    -1.217              -3.614 CLK 
    Info (332119):    -1.030              -4.610 clk_gen:inst1|div10_t:inst3|2 
Info (332146): Worst-case hold slack is -1.639
    Info (332119):     Slack       End Point TNS Clock 
    Info (332119): ========= =================== =====================
    Info (332119):    -1.639              -3.164 CLK 
    Info (332119):    -0.741              -1.419 clk_gen:inst1|div10_t:inst|2 
    Info (332119):    -0.631              -0.907 clk_gen:inst1|div10_t:inst1|2 
    Info (332119):    -0.587              -1.159 clk_gen:inst1|div10_t:inst2|2 
    Info (332119):     0.511               0.000 clk_gen:inst1|div10_t:inst3|2 
Info (332140): No Recovery paths to report
Info (332140): No Removal paths to report
Info (332146): Worst-case minimum pulse width slack is -0.724
    Info (332119):     Slack       End Point TNS Clock 
    Info (332119): ========= =================== =====================
    Info (332119):    -0.724              -5.596 CLK 
    Info (332119):    -0.724              -5.534 clk_gen:inst1|div10_t:inst2|2 
    Info (332119):    -0.724              -5.521 clk_gen:inst1|div10_t:inst1|2 
    Info (332119):    -0.724              -5.514 clk_gen:inst1|div10_t:inst3|2 
    Info (332119):    -0.724              -4.505 clk_gen:inst1|div10_t:inst|2 
Info: Analyzing Slow 1100mV 0C Model
Info (334003): Started post-fitting delay annotation
Info (334004): Delay annotation completed successfully
Info (332123): Deriving Clock Uncertainty. Please refer to report_sdc in TimeQuest to see clock uncertainties.
Critical Warning (332148): Timing requirements not met
    Info (11105): For recommendations on closing timing, run Report Timing Closure Recommendations in the TimeQuest Timing Analyzer.
Info (332146): Worst-case setup slack is -1.726
    Info (332119):     Slack       End Point TNS Clock 
    Info (332119): ========= =================== =====================
    Info (332119):    -1.726              -6.125 clk_gen:inst1|div10_t:inst|2 
    Info (332119):    -1.699              -6.265 clk_gen:inst1|div10_t:inst1|2 
    Info (332119):    -1.435              -4.120 CLK 
    Info (332119):    -1.297              -5.770 clk_gen:inst1|div10_t:inst2|2 
    Info (332119):    -1.040              -4.636 clk_gen:inst1|div10_t:inst3|2 
Info (332146): Worst-case hold slack is -1.736
    Info (332119):     Slack       End Point TNS Clock 
    Info (332119): ========= =================== =====================
    Info (332119):    -1.736              -3.409 CLK 
    Info (332119):    -0.559              -1.030 clk_gen:inst1|div10_t:inst|2 
    Info (332119):    -0.547              -0.678 clk_gen:inst1|div10_t:inst1|2 
    Info (332119):    -0.438              -0.859 clk_gen:inst1|div10_t:inst2|2 
    Info (332119):     0.469               0.000 clk_gen:inst1|div10_t:inst3|2 
Info (332140): No Recovery paths to report
Info (332140): No Removal paths to report
Info (332146): Worst-case minimum pulse width slack is -0.724
    Info (332119):     Slack       End Point TNS Clock 
    Info (332119): ========= =================== =====================
    Info (332119):    -0.724              -5.573 CLK 
    Info (332119):    -0.724              -5.536 clk_gen:inst1|div10_t:inst3|2 
    Info (332119):    -0.724              -5.526 clk_gen:inst1|div10_t:inst1|2 
    Info (332119):    -0.724              -5.512 clk_gen:inst1|div10_t:inst2|2 
    Info (332119):    -0.724              -4.480 clk_gen:inst1|div10_t:inst|2 
Info: Analyzing Fast 1100mV 85C Model
Info (334003): Started post-fitting delay annotation
Info (334004): Delay annotation completed successfully
Info (332123): Deriving Clock Uncertainty. Please refer to report_sdc in TimeQuest to see clock uncertainties.
Critical Warning (332148): Timing requirements not met
    Info (11105): For recommendations on closing timing, run Report Timing Closure Recommendations in the TimeQuest Timing Analyzer.
Info (332146): Worst-case setup slack is -0.649
    Info (332119):     Slack       End Point TNS Clock 
    Info (332119): ========= =================== =====================
    Info (332119):    -0.649              -1.002 CLK 
    Info (332119):    -0.338              -1.031 clk_gen:inst1|div10_t:inst|2 
    Info (332119):    -0.277              -0.818 clk_gen:inst1|div10_t:inst1|2 
    Info (332119):    -0.181              -0.787 clk_gen:inst1|div10_t:inst2|2 
    Info (332119):    -0.111              -0.403 clk_gen:inst1|div10_t:inst3|2 
Info (332146): Worst-case hold slack is -0.890
    Info (332119):     Slack       End Point TNS Clock 
    Info (332119): ========= =================== =====================
    Info (332119):    -0.890              -1.510 CLK 
    Info (332119):    -0.486              -0.967 clk_gen:inst1|div10_t:inst|2 
    Info (332119):    -0.466              -0.927 clk_gen:inst1|div10_t:inst2|2 
    Info (332119):    -0.448              -0.763 clk_gen:inst1|div10_t:inst1|2 
    Info (332119):     0.169               0.000 clk_gen:inst1|div10_t:inst3|2 
Info (332140): No Recovery paths to report
Info (332140): No Removal paths to report
Info (332146): Worst-case minimum pulse width slack is -0.289
    Info (332119):     Slack       End Point TNS Clock 
    Info (332119): ========= =================== =====================
    Info (332119):    -0.289              -0.670 CLK 
    Info (332119):     0.125               0.000 clk_gen:inst1|div10_t:inst3|2 
    Info (332119):     0.136               0.000 clk_gen:inst1|div10_t:inst|2 
    Info (332119):     0.146               0.000 clk_gen:inst1|div10_t:inst1|2 
    Info (332119):     0.162               0.000 clk_gen:inst1|div10_t:inst2|2 
Info: Analyzing Fast 1100mV 0C Model
Info (332123): Deriving Clock Uncertainty. Please refer to report_sdc in TimeQuest to see clock uncertainties.
Critical Warning (332148): Timing requirements not met
    Info (11105): For recommendations on closing timing, run Report Timing Closure Recommendations in the TimeQuest Timing Analyzer.
Info (332146): Worst-case setup slack is -0.543
    Info (332119):     Slack       End Point TNS Clock 
    Info (332119): ========= =================== =====================
    Info (332119):    -0.543              -0.756 CLK 
    Info (332119):    -0.292              -0.859 clk_gen:inst1|div10_t:inst|2 
    Info (332119):    -0.286              -0.733 clk_gen:inst1|div10_t:inst1|2 
    Info (332119):    -0.158              -0.690 clk_gen:inst1|div10_t:inst2|2 
    Info (332119):    -0.069              -0.234 clk_gen:inst1|div10_t:inst3|2 
Info (332146): Worst-case hold slack is -0.935
    Info (332119):     Slack       End Point TNS Clock 
    Info (332119): ========= =================== =====================
    Info (332119):    -0.935              -1.598 CLK 
    Info (332119):    -0.450              -0.891 clk_gen:inst1|div10_t:inst|2 
    Info (332119):    -0.436              -0.869 clk_gen:inst1|div10_t:inst2|2 
    Info (332119):    -0.429              -0.723 clk_gen:inst1|div10_t:inst1|2 
    Info (332119):     0.148               0.000 clk_gen:inst1|div10_t:inst3|2 
Info (332140): No Recovery paths to report
Info (332140): No Removal paths to report
Info (332146): Worst-case minimum pulse width slack is -0.297
    Info (332119):     Slack       End Point TNS Clock 
    Info (332119): ========= =================== =====================
    Info (332119):    -0.297              -0.683 CLK 
    Info (332119):     0.126               0.000 clk_gen:inst1|div10_t:inst3|2 
    Info (332119):     0.143               0.000 clk_gen:inst1|div10_t:inst1|2 
    Info (332119):     0.143               0.000 clk_gen:inst1|div10_t:inst|2 
    Info (332119):     0.160               0.000 clk_gen:inst1|div10_t:inst2|2 
Info (332102): Design is not fully constrained for setup requirements
Info (332102): Design is not fully constrained for hold requirements
Info: Quartus II 64-Bit TimeQuest Timing Analyzer was successful. 0 errors, 6 warnings
    Info: Peak virtual memory: 4895 megabytes
    Info: Processing ended: Thu May 28 22:48:21 2020
    Info: Elapsed time: 00:00:04
    Info: Total CPU time (on all processors): 00:00:04


