------------------------------------------------------------
TimeQuest Timing Analyzer Summary
------------------------------------------------------------

Type  : Slow 1100mV 85C Model Setup 'debounce_g:inst2|1'
Slack : -7.384
TNS   : -381.314

Type  : Slow 1100mV 85C Model Setup 'clk_gen:inst5|div10_t:inst6|2'
Slack : -5.354
TNS   : -172.716

Type  : Slow 1100mV 85C Model Setup 'clk_gen:inst5|div10_t:inst4|2'
Slack : -4.589
TNS   : -54.767

Type  : Slow 1100mV 85C Model Setup 'control_unit:inst11|num_current[0]'
Slack : -4.578
TNS   : -26.698

Type  : Slow 1100mV 85C Model Setup 'control_unit:inst11|game_state[0]'
Slack : -2.612
TNS   : -14.666

Type  : Slow 1100mV 85C Model Setup 'clk_gen:inst5|div10_t:inst1|2'
Slack : -2.067
TNS   : -6.898

Type  : Slow 1100mV 85C Model Setup 'clk_gen:inst5|div10_t:inst2|2'
Slack : -1.834
TNS   : -7.701

Type  : Slow 1100mV 85C Model Setup 'clk_gen:inst5|div10_t:inst3|2'
Slack : -1.654
TNS   : -9.216

Type  : Slow 1100mV 85C Model Setup 'clk_gen:inst5|div10_t:inst|2'
Slack : -1.429
TNS   : -5.574

Type  : Slow 1100mV 85C Model Setup 'clk_gen:inst5|div10_t:inst5|2'
Slack : -1.240
TNS   : -4.648

Type  : Slow 1100mV 85C Model Setup 'clk'
Slack : -0.695
TNS   : -2.678

Type  : Slow 1100mV 85C Model Hold 'control_unit:inst11|game_state[0]'
Slack : -3.125
TNS   : -20.010

Type  : Slow 1100mV 85C Model Hold 'clk'
Slack : -2.145
TNS   : -3.728

Type  : Slow 1100mV 85C Model Hold 'debounce_g:inst2|1'
Slack : -1.458
TNS   : -10.841

Type  : Slow 1100mV 85C Model Hold 'control_unit:inst11|num_current[0]'
Slack : -1.168
TNS   : -7.202

Type  : Slow 1100mV 85C Model Hold 'clk_gen:inst5|div10_t:inst4|2'
Slack : -0.962
TNS   : -1.913

Type  : Slow 1100mV 85C Model Hold 'clk_gen:inst5|div10_t:inst|2'
Slack : -0.930
TNS   : -1.725

Type  : Slow 1100mV 85C Model Hold 'clk_gen:inst5|div10_t:inst5|2'
Slack : -0.836
TNS   : -1.529

Type  : Slow 1100mV 85C Model Hold 'clk_gen:inst5|div10_t:inst1|2'
Slack : -0.726
TNS   : -1.382

Type  : Slow 1100mV 85C Model Hold 'clk_gen:inst5|div10_t:inst3|2'
Slack : -0.676
TNS   : -1.865

Type  : Slow 1100mV 85C Model Hold 'clk_gen:inst5|div10_t:inst2|2'
Slack : -0.665
TNS   : -1.018

Type  : Slow 1100mV 85C Model Hold 'clk_gen:inst5|div10_t:inst6|2'
Slack : 0.953
TNS   : 0.000

Type  : Slow 1100mV 85C Model Recovery 'control_unit:inst11|num_current[0]'
Slack : -3.459
TNS   : -24.087

Type  : Slow 1100mV 85C Model Removal 'control_unit:inst11|num_current[0]'
Slack : -1.666
TNS   : -9.123

Type  : Slow 1100mV 85C Model Minimum Pulse Width 'debounce_g:inst2|1'
Slack : -0.724
TNS   : -74.107

Type  : Slow 1100mV 85C Model Minimum Pulse Width 'clk_gen:inst5|div10_t:inst6|2'
Slack : -0.724
TNS   : -37.133

Type  : Slow 1100mV 85C Model Minimum Pulse Width 'clk_gen:inst5|div10_t:inst4|2'
Slack : -0.724
TNS   : -20.009

Type  : Slow 1100mV 85C Model Minimum Pulse Width 'clk_gen:inst5|div10_t:inst3|2'
Slack : -0.724
TNS   : -8.916

Type  : Slow 1100mV 85C Model Minimum Pulse Width 'clk_gen:inst5|div10_t:inst2|2'
Slack : -0.724
TNS   : -5.673

Type  : Slow 1100mV 85C Model Minimum Pulse Width 'clk'
Slack : -0.724
TNS   : -4.602

Type  : Slow 1100mV 85C Model Minimum Pulse Width 'clk_gen:inst5|div10_t:inst1|2'
Slack : -0.724
TNS   : -4.593

Type  : Slow 1100mV 85C Model Minimum Pulse Width 'clk_gen:inst5|div10_t:inst5|2'
Slack : -0.724
TNS   : -4.574

Type  : Slow 1100mV 85C Model Minimum Pulse Width 'clk_gen:inst5|div10_t:inst|2'
Slack : -0.724
TNS   : -4.572

Type  : Slow 1100mV 85C Model Minimum Pulse Width 'control_unit:inst11|game_state[0]'
Slack : -0.014
TNS   : -0.014

Type  : Slow 1100mV 85C Model Minimum Pulse Width 'control_unit:inst11|num_current[0]'
Slack : 0.161
TNS   : 0.000

Type  : Slow 1100mV 0C Model Setup 'debounce_g:inst2|1'
Slack : -7.585
TNS   : -382.095

Type  : Slow 1100mV 0C Model Setup 'clk_gen:inst5|div10_t:inst6|2'
Slack : -5.168
TNS   : -167.463

Type  : Slow 1100mV 0C Model Setup 'clk_gen:inst5|div10_t:inst4|2'
Slack : -4.674
TNS   : -55.577

Type  : Slow 1100mV 0C Model Setup 'control_unit:inst11|num_current[0]'
Slack : -4.548
TNS   : -26.281

Type  : Slow 1100mV 0C Model Setup 'control_unit:inst11|game_state[0]'
Slack : -2.482
TNS   : -14.029

Type  : Slow 1100mV 0C Model Setup 'clk_gen:inst5|div10_t:inst1|2'
Slack : -2.039
TNS   : -6.913

Type  : Slow 1100mV 0C Model Setup 'clk_gen:inst5|div10_t:inst2|2'
Slack : -1.907
TNS   : -7.913

Type  : Slow 1100mV 0C Model Setup 'clk_gen:inst5|div10_t:inst3|2'
Slack : -1.736
TNS   : -9.761

Type  : Slow 1100mV 0C Model Setup 'clk_gen:inst5|div10_t:inst|2'
Slack : -1.478
TNS   : -5.691

Type  : Slow 1100mV 0C Model Setup 'clk_gen:inst5|div10_t:inst5|2'
Slack : -1.190
TNS   : -4.591

Type  : Slow 1100mV 0C Model Setup 'clk'
Slack : -0.884
TNS   : -3.372

Type  : Slow 1100mV 0C Model Hold 'control_unit:inst11|game_state[0]'
Slack : -3.258
TNS   : -20.220

Type  : Slow 1100mV 0C Model Hold 'clk'
Slack : -2.144
TNS   : -3.936

Type  : Slow 1100mV 0C Model Hold 'debounce_g:inst2|1'
Slack : -1.310
TNS   : -7.263

Type  : Slow 1100mV 0C Model Hold 'control_unit:inst11|num_current[0]'
Slack : -1.149
TNS   : -7.584

Type  : Slow 1100mV 0C Model Hold 'clk_gen:inst5|div10_t:inst4|2'
Slack : -0.876
TNS   : -1.736

Type  : Slow 1100mV 0C Model Hold 'clk_gen:inst5|div10_t:inst|2'
Slack : -0.738
TNS   : -1.304

Type  : Slow 1100mV 0C Model Hold 'clk_gen:inst5|div10_t:inst5|2'
Slack : -0.703
TNS   : -1.229

Type  : Slow 1100mV 0C Model Hold 'clk_gen:inst5|div10_t:inst3|2'
Slack : -0.587
TNS   : -1.573

Type  : Slow 1100mV 0C Model Hold 'clk_gen:inst5|div10_t:inst1|2'
Slack : -0.564
TNS   : -1.044

Type  : Slow 1100mV 0C Model Hold 'clk_gen:inst5|div10_t:inst2|2'
Slack : -0.404
TNS   : -0.549

Type  : Slow 1100mV 0C Model Hold 'clk_gen:inst5|div10_t:inst6|2'
Slack : 0.988
TNS   : 0.000

Type  : Slow 1100mV 0C Model Recovery 'control_unit:inst11|num_current[0]'
Slack : -3.571
TNS   : -24.081

Type  : Slow 1100mV 0C Model Removal 'control_unit:inst11|num_current[0]'
Slack : -1.728
TNS   : -9.375

Type  : Slow 1100mV 0C Model Minimum Pulse Width 'debounce_g:inst2|1'
Slack : -0.724
TNS   : -75.473

Type  : Slow 1100mV 0C Model Minimum Pulse Width 'clk_gen:inst5|div10_t:inst6|2'
Slack : -0.724
TNS   : -37.051

Type  : Slow 1100mV 0C Model Minimum Pulse Width 'clk_gen:inst5|div10_t:inst4|2'
Slack : -0.724
TNS   : -20.102

Type  : Slow 1100mV 0C Model Minimum Pulse Width 'clk_gen:inst5|div10_t:inst3|2'
Slack : -0.724
TNS   : -8.933

Type  : Slow 1100mV 0C Model Minimum Pulse Width 'clk_gen:inst5|div10_t:inst2|2'
Slack : -0.724
TNS   : -5.642

Type  : Slow 1100mV 0C Model Minimum Pulse Width 'clk'
Slack : -0.724
TNS   : -4.662

Type  : Slow 1100mV 0C Model Minimum Pulse Width 'clk_gen:inst5|div10_t:inst1|2'
Slack : -0.724
TNS   : -4.572

Type  : Slow 1100mV 0C Model Minimum Pulse Width 'clk_gen:inst5|div10_t:inst5|2'
Slack : -0.724
TNS   : -4.538

Type  : Slow 1100mV 0C Model Minimum Pulse Width 'clk_gen:inst5|div10_t:inst|2'
Slack : -0.724
TNS   : -4.518

Type  : Slow 1100mV 0C Model Minimum Pulse Width 'control_unit:inst11|game_state[0]'
Slack : -0.049
TNS   : -0.056

Type  : Slow 1100mV 0C Model Minimum Pulse Width 'control_unit:inst11|num_current[0]'
Slack : 0.133
TNS   : 0.000

Type  : Fast 1100mV 85C Model Setup 'debounce_g:inst2|1'
Slack : -3.033
TNS   : -150.348

Type  : Fast 1100mV 85C Model Setup 'clk_gen:inst5|div10_t:inst6|2'
Slack : -2.045
TNS   : -60.294

Type  : Fast 1100mV 85C Model Setup 'clk_gen:inst5|div10_t:inst4|2'
Slack : -1.619
TNS   : -17.395

Type  : Fast 1100mV 85C Model Setup 'control_unit:inst11|num_current[0]'
Slack : -1.588
TNS   : -7.135

Type  : Fast 1100mV 85C Model Setup 'clk'
Slack : -0.709
TNS   : -1.002

Type  : Fast 1100mV 85C Model Setup 'control_unit:inst11|game_state[0]'
Slack : -0.650
TNS   : -1.356

Type  : Fast 1100mV 85C Model Setup 'clk_gen:inst5|div10_t:inst1|2'
Slack : -0.548
TNS   : -1.454

Type  : Fast 1100mV 85C Model Setup 'clk_gen:inst5|div10_t:inst2|2'
Slack : -0.423
TNS   : -1.422

Type  : Fast 1100mV 85C Model Setup 'clk_gen:inst5|div10_t:inst3|2'
Slack : -0.289
TNS   : -1.697

Type  : Fast 1100mV 85C Model Setup 'clk_gen:inst5|div10_t:inst|2'
Slack : -0.245
TNS   : -0.947

Type  : Fast 1100mV 85C Model Setup 'clk_gen:inst5|div10_t:inst5|2'
Slack : -0.171
TNS   : -0.623

Type  : Fast 1100mV 85C Model Hold 'control_unit:inst11|game_state[0]'
Slack : -1.365
TNS   : -8.953

Type  : Fast 1100mV 85C Model Hold 'clk'
Slack : -0.928
TNS   : -1.822

Type  : Fast 1100mV 85C Model Hold 'debounce_g:inst2|1'
Slack : -0.742
TNS   : -10.056

Type  : Fast 1100mV 85C Model Hold 'control_unit:inst11|num_current[0]'
Slack : -0.604
TNS   : -3.842

Type  : Fast 1100mV 85C Model Hold 'clk_gen:inst5|div10_t:inst4|2'
Slack : -0.598
TNS   : -1.919

Type  : Fast 1100mV 85C Model Hold 'clk_gen:inst5|div10_t:inst5|2'
Slack : -0.586
TNS   : -1.134

Type  : Fast 1100mV 85C Model Hold 'clk_gen:inst5|div10_t:inst|2'
Slack : -0.569
TNS   : -1.103

Type  : Fast 1100mV 85C Model Hold 'clk_gen:inst5|div10_t:inst1|2'
Slack : -0.519
TNS   : -1.003

Type  : Fast 1100mV 85C Model Hold 'clk_gen:inst5|div10_t:inst2|2'
Slack : -0.485
TNS   : -0.849

Type  : Fast 1100mV 85C Model Hold 'clk_gen:inst5|div10_t:inst3|2'
Slack : -0.467
TNS   : -1.309

Type  : Fast 1100mV 85C Model Hold 'clk_gen:inst5|div10_t:inst6|2'
Slack : 0.332
TNS   : 0.000

Type  : Fast 1100mV 85C Model Recovery 'control_unit:inst11|num_current[0]'
Slack : -1.158
TNS   : -7.905

Type  : Fast 1100mV 85C Model Removal 'control_unit:inst11|num_current[0]'
Slack : -0.911
TNS   : -5.580

Type  : Fast 1100mV 85C Model Minimum Pulse Width 'clk'
Slack : -0.489
TNS   : -0.923

Type  : Fast 1100mV 85C Model Minimum Pulse Width 'debounce_g:inst2|1'
Slack : -0.063
TNS   : -0.097

Type  : Fast 1100mV 85C Model Minimum Pulse Width 'clk_gen:inst5|div10_t:inst4|2'
Slack : -0.032
TNS   : -0.258

Type  : Fast 1100mV 85C Model Minimum Pulse Width 'control_unit:inst11|game_state[0]'
Slack : 0.020
TNS   : 0.000

Type  : Fast 1100mV 85C Model Minimum Pulse Width 'clk_gen:inst5|div10_t:inst3|2'
Slack : 0.036
TNS   : 0.000

Type  : Fast 1100mV 85C Model Minimum Pulse Width 'clk_gen:inst5|div10_t:inst6|2'
Slack : 0.049
TNS   : 0.000

Type  : Fast 1100mV 85C Model Minimum Pulse Width 'clk_gen:inst5|div10_t:inst5|2'
Slack : 0.069
TNS   : 0.000

Type  : Fast 1100mV 85C Model Minimum Pulse Width 'clk_gen:inst5|div10_t:inst|2'
Slack : 0.072
TNS   : 0.000

Type  : Fast 1100mV 85C Model Minimum Pulse Width 'clk_gen:inst5|div10_t:inst1|2'
Slack : 0.080
TNS   : 0.000

Type  : Fast 1100mV 85C Model Minimum Pulse Width 'clk_gen:inst5|div10_t:inst2|2'
Slack : 0.105
TNS   : 0.000

Type  : Fast 1100mV 85C Model Minimum Pulse Width 'control_unit:inst11|num_current[0]'
Slack : 0.265
TNS   : 0.000

Type  : Fast 1100mV 0C Model Setup 'debounce_g:inst2|1'
Slack : -2.767
TNS   : -136.258

Type  : Fast 1100mV 0C Model Setup 'clk_gen:inst5|div10_t:inst6|2'
Slack : -1.900
TNS   : -55.407

Type  : Fast 1100mV 0C Model Setup 'clk_gen:inst5|div10_t:inst4|2'
Slack : -1.488
TNS   : -15.483

Type  : Fast 1100mV 0C Model Setup 'control_unit:inst11|num_current[0]'
Slack : -1.410
TNS   : -6.120

Type  : Fast 1100mV 0C Model Setup 'clk'
Slack : -0.635
TNS   : -0.812

Type  : Fast 1100mV 0C Model Setup 'control_unit:inst11|game_state[0]'
Slack : -0.534
TNS   : -0.932

Type  : Fast 1100mV 0C Model Setup 'clk_gen:inst5|div10_t:inst1|2'
Slack : -0.465
TNS   : -1.213

Type  : Fast 1100mV 0C Model Setup 'clk_gen:inst5|div10_t:inst2|2'
Slack : -0.366
TNS   : -1.176

Type  : Fast 1100mV 0C Model Setup 'clk_gen:inst5|div10_t:inst3|2'
Slack : -0.249
TNS   : -1.451

Type  : Fast 1100mV 0C Model Setup 'clk_gen:inst5|div10_t:inst|2'
Slack : -0.206
TNS   : -0.772

Type  : Fast 1100mV 0C Model Setup 'clk_gen:inst5|div10_t:inst5|2'
Slack : -0.171
TNS   : -0.541

Type  : Fast 1100mV 0C Model Hold 'control_unit:inst11|game_state[0]'
Slack : -1.279
TNS   : -8.453

Type  : Fast 1100mV 0C Model Hold 'clk'
Slack : -0.972
TNS   : -1.840

Type  : Fast 1100mV 0C Model Hold 'debounce_g:inst2|1'
Slack : -0.696
TNS   : -10.117

Type  : Fast 1100mV 0C Model Hold 'clk_gen:inst5|div10_t:inst4|2'
Slack : -0.574
TNS   : -2.205

Type  : Fast 1100mV 0C Model Hold 'control_unit:inst11|num_current[0]'
Slack : -0.566
TNS   : -3.728

Type  : Fast 1100mV 0C Model Hold 'clk_gen:inst5|div10_t:inst5|2'
Slack : -0.560
TNS   : -1.076

Type  : Fast 1100mV 0C Model Hold 'clk_gen:inst5|div10_t:inst|2'
Slack : -0.531
TNS   : -1.020

Type  : Fast 1100mV 0C Model Hold 'clk_gen:inst5|div10_t:inst1|2'
Slack : -0.483
TNS   : -0.936

Type  : Fast 1100mV 0C Model Hold 'clk_gen:inst5|div10_t:inst3|2'
Slack : -0.449
TNS   : -1.253

Type  : Fast 1100mV 0C Model Hold 'clk_gen:inst5|div10_t:inst2|2'
Slack : -0.435
TNS   : -0.762

Type  : Fast 1100mV 0C Model Hold 'clk_gen:inst5|div10_t:inst6|2'
Slack : 0.304
TNS   : 0.000

Type  : Fast 1100mV 0C Model Recovery 'control_unit:inst11|num_current[0]'
Slack : -1.043
TNS   : -7.013

Type  : Fast 1100mV 0C Model Removal 'control_unit:inst11|num_current[0]'
Slack : -0.865
TNS   : -5.263

Type  : Fast 1100mV 0C Model Minimum Pulse Width 'clk'
Slack : -0.479
TNS   : -0.907

Type  : Fast 1100mV 0C Model Minimum Pulse Width 'debounce_g:inst2|1'
Slack : -0.035
TNS   : -0.035

Type  : Fast 1100mV 0C Model Minimum Pulse Width 'clk_gen:inst5|div10_t:inst4|2'
Slack : -0.002
TNS   : -0.007

Type  : Fast 1100mV 0C Model Minimum Pulse Width 'clk_gen:inst5|div10_t:inst3|2'
Slack : 0.052
TNS   : 0.000

Type  : Fast 1100mV 0C Model Minimum Pulse Width 'clk_gen:inst5|div10_t:inst6|2'
Slack : 0.066
TNS   : 0.000

Type  : Fast 1100mV 0C Model Minimum Pulse Width 'clk_gen:inst5|div10_t:inst5|2'
Slack : 0.084
TNS   : 0.000

Type  : Fast 1100mV 0C Model Minimum Pulse Width 'clk_gen:inst5|div10_t:inst|2'
Slack : 0.087
TNS   : 0.000

Type  : Fast 1100mV 0C Model Minimum Pulse Width 'clk_gen:inst5|div10_t:inst1|2'
Slack : 0.093
TNS   : 0.000

Type  : Fast 1100mV 0C Model Minimum Pulse Width 'control_unit:inst11|game_state[0]'
Slack : 0.095
TNS   : 0.000

Type  : Fast 1100mV 0C Model Minimum Pulse Width 'clk_gen:inst5|div10_t:inst2|2'
Slack : 0.113
TNS   : 0.000

Type  : Fast 1100mV 0C Model Minimum Pulse Width 'control_unit:inst11|num_current[0]'
Slack : 0.298
TNS   : 0.000

------------------------------------------------------------
